Component: ARM Compiler 5.06 update 6 (build 750) Tool: armlink [4d35ed]

==============================================================================

Section Cross References

    main.o(i.Init_Task) refers to port.o(i.vPortEnterCritical) for vPortEnterCritical
    main.o(i.Init_Task) refers to oled.o(i.oled_init) for oled_init
    main.o(i.Init_Task) refers to oled.o(i.oled_LOGO) for oled_LOGO
    main.o(i.Init_Task) refers to system_config.o(i.Delayms) for Delayms
    main.o(i.Init_Task) refers to oled.o(i.oled_clear) for oled_clear
    main.o(i.Init_Task) refers to oled.o(i.oled_printf) for oled_printf
    main.o(i.Init_Task) refers to led.o(i.LED_Init) for LED_Init
    main.o(i.Init_Task) refers to random.o(i.Random_Init) for Random_Init
    main.o(i.Init_Task) refers to usart.o(i.USART2_init) for USART2_init
    main.o(i.Init_Task) refers to adc.o(i.ADC1_Init) for ADC1_Init
    main.o(i.Init_Task) refers to dac.o(i.DAC1_Init) for DAC1_Init
    main.o(i.Init_Task) refers to dac.o(i.DAC2_Init) for DAC2_Init
    main.o(i.Init_Task) refers to iic2.o(i.IIC2_Init) for IIC2_Init
    main.o(i.Init_Task) refers to key.o(i.Key_Init) for Key_Init
    main.o(i.Init_Task) refers to beep.o(i.Beep_Startup) for Beep_Startup
    main.o(i.Init_Task) refers to can.o(i.MX_CAN1_Init) for MX_CAN1_Init
    main.o(i.Init_Task) refers to can.o(i.MX_CAN2_Init) for MX_CAN2_Init
    main.o(i.Init_Task) refers to pwm.o(i.PWM_Init) for PWM_Init
    main.o(i.Init_Task) refers to usart.o(i.USART3_Init) for USART3_Init
    main.o(i.Init_Task) refers to laser.o(i.Laser_Init) for Laser_Init
    main.o(i.Init_Task) refers to remote.o(i.Remote_Init) for Remote_Init
    main.o(i.Init_Task) refers to power.o(i.Power_Init) for Power_Init
    main.o(i.Init_Task) refers to spi.o(i.SPI4_Init) for SPI4_Init
    main.o(i.Init_Task) refers to motor.o(i.Motor_Init) for Motor_Init
    main.o(i.Init_Task) refers to tasks.o(i.PID_Init) for PID_Init
    main.o(i.Init_Task) refers to user.o(i.User_Code) for User_Code
    main.o(i.Init_Task) refers to port.o(i.vPortExitCritical) for vPortExitCritical
    main.o(i.Init_Task) refers to tasks_1.o(i.vTaskDelete) for vTaskDelete
    main.o(i.Init_Task) refers to usart.o(.data) for USART2_Receve_Handler
    main.o(i.Init_Task) refers to main.o(.data) for Init_Task_Hanlder
    main.o(i.main) refers to stm32f4xx_hal.o(i.HAL_Init) for HAL_Init
    main.o(i.main) refers to system_config.o(i.Stm32_Clock_Init) for Stm32_Clock_Init
    main.o(i.main) refers to tasks_1.o(i.xTaskCreate) for xTaskCreate
    main.o(i.main) refers to tasks_1.o(i.vTaskStartScheduler) for vTaskStartScheduler
    main.o(i.main) refers to main.o(.data) for Init_Task_Hanlder
    main.o(i.main) refers to main.o(i.Init_Task) for Init_Task
    stm32f4xx_it.o(i.CAN1_RX0_IRQHandler) refers to stm32f4xx_hal_can.o(i.HAL_CAN_IRQHandler) for HAL_CAN_IRQHandler
    stm32f4xx_it.o(i.CAN1_RX0_IRQHandler) refers to can.o(.bss) for hcan1
    stm32f4xx_it.o(i.CAN1_TX_IRQHandler) refers to stm32f4xx_hal_can.o(i.HAL_CAN_IRQHandler) for HAL_CAN_IRQHandler
    stm32f4xx_it.o(i.CAN1_TX_IRQHandler) refers to can.o(.bss) for hcan1
    stm32f4xx_it.o(i.CAN2_RX0_IRQHandler) refers to stm32f4xx_hal_can.o(i.HAL_CAN_IRQHandler) for HAL_CAN_IRQHandler
    stm32f4xx_it.o(i.CAN2_RX0_IRQHandler) refers to can.o(.bss) for hcan2
    stm32f4xx_it.o(i.CAN2_TX_IRQHandler) refers to stm32f4xx_hal_can.o(i.HAL_CAN_IRQHandler) for HAL_CAN_IRQHandler
    stm32f4xx_it.o(i.CAN2_TX_IRQHandler) refers to can.o(.bss) for hcan2
    stm32f4xx_it.o(i.DMA2_Stream2_IRQHandler) refers to stm32f4xx_hal_dma.o(i.HAL_DMA_IRQHandler) for HAL_DMA_IRQHandler
    stm32f4xx_it.o(i.DMA2_Stream2_IRQHandler) refers to usart.o(.bss) for hdma_usart1_rx
    stm32f4xx_it.o(i.TIM3_IRQHandler) refers to stm32f4xx_hal.o(i.HAL_IncTick) for HAL_IncTick
    stm32f4xx_it.o(i.USART1_IRQHandler) refers to remote.o(i.uart_receive_handler) for uart_receive_handler
    stm32f4xx_it.o(i.USART1_IRQHandler) refers to stm32f4xx_hal_uart.o(i.HAL_UART_IRQHandler) for HAL_UART_IRQHandler
    stm32f4xx_it.o(i.USART1_IRQHandler) refers to usart.o(.bss) for huart1
    system_stm32f4xx.o(i.SystemCoreClockUpdate) refers to system_stm32f4xx.o(.data) for SystemCoreClock
    system_stm32f4xx.o(i.SystemCoreClockUpdate) refers to system_stm32f4xx.o(.constdata) for AHBPrescTable
    user.o(i.User_Code) refers to tasks_1.o(i.xTaskCreate) for xTaskCreate
    user.o(i.User_Code) refers to user.o(.data) for LED_Task_Handle
    user.o(i.User_Code) refers to led.o(i.LED_Flash) for LED_Flash
    user.o(i.User_Code) refers to pid.o(i.PID_Calculate) for PID_Calculate
    user.o(i.User_Code) refers to tasks.o(i.Remote_Control) for Remote_Control
    user.o(i.User_Code) refers to pid.o(i.Base_Speed_Task) for Base_Speed_Task
    user.o(i.User_Code) refers to manifold.o(i.Communicate_Task) for Communicate_Task
    user.o(i.User_Code) refers to odometer.o(i.Odometer_Summary) for Odometer_Summary
[...]
    __rt_ctype_table                         0x08001459   Thumb Code    16  rt_ctype_table.o(.text)
    __rt_locale                              0x08001469   Thumb Code     8  rt_locale_intlibspace.o(.text)
    _printf_fp_infnan                        0x08001471   Thumb Code   112  _printf_fp_infnan.o(.text)
    _btod_etento                             0x080014f1   Thumb Code   224  bigflt0.o(.text)
    exit                                     0x080015d5   Thumb Code    18  exit.o(.text)
    __user_libspace                          0x080015e9   Thumb Code     8  libspace.o(.text)
    __user_perproc_libspace                  0x080015e9   Thumb Code     0  libspace.o(.text)
    __user_perthread_libspace                0x080015e9   Thumb Code     0  libspace.o(.text)
    strcmp                                   0x080015f1   Thumb Code   128  strcmpv7m.o(.text)
    _btod_d2e                                0x08001671   Thumb Code    62  btod.o(CL$$btod_d2e)
    _d2e_denorm_low                          0x080016af   Thumb Code    70  btod.o(CL$$btod_d2e_denorm_low)
    _d2e_norm_op1                            0x080016f5   Thumb Code    96  btod.o(CL$$btod_d2e_norm_op1)
    __btod_div_common                        0x08001755   Thumb Code   696  btod.o(CL$$btod_div_common)
    _e2e                                     0x08001a8d   Thumb Code   220  btod.o(CL$$btod_e2e)
    _btod_ediv                               0x08001b69   Thumb Code    42  btod.o(CL$$btod_ediv)
    _btod_emul                               0x08001b93   Thumb Code    42  btod.o(CL$$btod_emul)
    __btod_mult_common                       0x08001bbd   Thumb Code   580  btod.o(CL$$btod_mult_common)
    ADC1_Init                                0x08001e01   Thumb Code   232  adc.o(i.ADC1_Init)
    Base_Speed_Task                          0x0800207d   Thumb Code    86  pid.o(i.Base_Speed_Task)
    Beep_Off                                 0x080020f1   Thumb Code    12  beep.o(i.Beep_Off)
    Beep_On                                  0x08002101   Thumb Code    20  beep.o(i.Beep_On)
    Beep_Startup                             0x0800211d   Thumb Code    70  beep.o(i.Beep_Startup)
    BusFault_Handler                         0x08002163   Thumb Code     4  stm32f4xx_it.o(i.BusFault_Handler)
    CAN1_RX0_IRQHandler                      0x08002169   Thumb Code    10  stm32f4xx_it.o(i.CAN1_RX0_IRQHandler)
    CAN1_TX_IRQHandler                       0x08002179   Thumb Code    10  stm32f4xx_it.o(i.CAN1_TX_IRQHandler)
    CAN2_RX0_IRQHandler                      0x08002189   Thumb Code    10  stm32f4xx_it.o(i.CAN2_RX0_IRQHandler)
    CAN2_TX_IRQHandler                       0x08002199   Thumb Code    10  stm32f4xx_it.o(i.CAN2_TX_IRQHandler)
    Communicate_Task                         0x080023c5   Thumb Code    16  manifold.o(i.Communicate_Task)
    ConfigureTimeForRunTimeStats             0x080023d9   Thumb Code    92  system_config.o(i.ConfigureTimeForRunTimeStats)
    Control_Task                             0x0800243d   Thumb Code    10  algorithm.o(i.Control_Task)
    DAC1_Init                                0x08002449   Thumb Code   134  dac.o(i.DAC1_Init)
    DAC2_Init                                0x080024e1   Thumb Code   134  dac.o(i.DAC2_Init)
    DMA2_Init                                0x08002579   Thumb Code    52  system_config.o(i.DMA2_Init)
    DMA2_Stream2_IRQHandler                  0x080025b1   Thumb Code    10  stm32f4xx_it.o(i.DMA2_Stream2_IRQHandler)
    DebugMon_Handler                         0x08002621   Thumb Code     2  stm32f4xx_it.o(i.DebugMon_Handler)
    Delayms                                  0x08002623   Thumb Code    20  system_config.o(i.Delayms)
    Delayus                                  0x08002637   Thumb Code   392  system_config.o(i.Delayus)
    HAL_ADC_Init                             0x080027c1   Thumb Code    74  stm32f4xx_hal_adc.o(i.HAL_ADC_Init)
    HAL_ADC_MspInit                          0x08002811   Thumb Code     2  stm32f4xx_hal_adc.o(i.HAL_ADC_MspInit)
    HAL_CAN_ConfigFilter                     0x08002815   Thumb Code   294  stm32f4xx_hal_can.o(i.HAL_CAN_ConfigFilter)
    HAL_CAN_ErrorCallback                    0x08002941   Thumb Code     2  stm32f4xx_hal_can.o(i.HAL_CAN_ErrorCallback)
    HAL_CAN_IRQHandler                       0x08002945   Thumb Code   446  stm32f4xx_hal_can.o(i.HAL_CAN_IRQHandler)
    HAL_CAN_Init                             0x08002b11   Thumb Code   448  stm32f4xx_hal_can.o(i.HAL_CAN_Init)
    HAL_CAN_MspInit                          0x08002cd1   Thumb Code   286  can.o(i.HAL_CAN_MspInit)
    HAL_CAN_Receive_IT                       0x08002e05   Thumb Code   174  stm32f4xx_hal_can.o(i.HAL_CAN_Receive_IT)
    HAL_CAN_RxCpltCallback                   0x08002eb5   Thumb Code   310  motor.o(i.HAL_CAN_RxCpltCallback)
    HAL_CAN_Transmit                         0x08003005   Thumb Code   594  stm32f4xx_hal_can.o(i.HAL_CAN_Transmit)
    HAL_CAN_TxCpltCallback                   0x08003265   Thumb Code     2  stm32f4xx_hal_can.o(i.HAL_CAN_TxCpltCallback)
    HAL_DAC_ConfigChannel                    0x08003267   Thumb Code    90  stm32f4xx_hal_dac.o(i.HAL_DAC_ConfigChannel)
    HAL_DAC_Init                             0x080032c1   Thumb Code    40  stm32f4xx_hal_dac.o(i.HAL_DAC_Init)
    HAL_DAC_MspInit                          0x080032e9   Thumb Code     2  stm32f4xx_hal_dac.o(i.HAL_DAC_MspInit)
    HAL_DAC_Start                            0x080032eb   Thumb Code   140  stm32f4xx_hal_dac.o(i.HAL_DAC_Start)
    HAL_DMA_IRQHandler                       0x08003379   Thumb Code   530  stm32f4xx_hal_dma.o(i.HAL_DMA_IRQHandler)
    HAL_DMA_Init                             0x08003591   Thumb Code   128  stm32f4xx_hal_dma.o(i.HAL_DMA_Init)
    HAL_DMA_Start                            0x08003615   Thumb Code    82  stm32f4xx_hal_dma.o(i.HAL_DMA_Start)
    HAL_GPIO_Init                            0x08003669   Thumb Code   486  stm32f4xx_hal_gpio.o(i.HAL_GPIO_Init)
    HAL_GPIO_WritePin                        0x08003885   Thumb Code    12  stm32f4xx_hal_gpio.o(i.HAL_GPIO_WritePin)
    HAL_GetTick                              0x08003891   Thumb Code     6  stm32f4xx_hal.o(i.HAL_GetTick)
    HAL_IncTick                              0x0800389d   Thumb Code    12  stm32f4xx_hal.o(i.HAL_IncTick)
    HAL_Init                                 0x080038ad   Thumb Code    52  stm32f4xx_hal.o(i.HAL_Init)
    HAL_InitTick                             0x080038e5   Thumb Code    36  stm32f4xx_hal.o(i.HAL_InitTick)
    HAL_MspInit                              0x08003909   Thumb Code     2  stm32f4xx_hal_msp.o(i.HAL_MspInit)
    HAL_NVIC_EnableIRQ                       0x0800390b   Thumb Code    26  stm32f4xx_hal_cortex.o(i.HAL_NVIC_EnableIRQ)
    HAL_NVIC_SetPriority                     0x08003925   Thumb Code   124  stm32f4xx_hal_cortex.o(i.HAL_NVIC_SetPriority)
    HAL_NVIC_SetPriorityGrouping             0x080039a1   Thumb Code    32  stm32f4xx_hal_cortex.o(i.HAL_NVIC_SetPriorityGrouping)
    HAL_PWREx_EnableOverDrive                0x080039c9   Thumb Code   152  stm32f4xx_hal_pwr_ex.o(i.HAL_PWREx_EnableOverDrive)
    HAL_RCC_ClockConfig                      0x08003a6d   Thumb Code   680  stm32f4xx_hal_rcc.o(i.HAL_RCC_ClockConfig)
    HAL_RCC_GetHCLKFreq                      0x08003d1d   Thumb Code    42  stm32f4xx_hal_rcc.o(i.HAL_RCC_GetHCLKFreq)
    HAL_RCC_GetPCLK1Freq                     0x08003d55   Thumb Code    36  stm32f4xx_hal_rcc.o(i.HAL_RCC_GetPCLK1Freq)
    HAL_RCC_GetPCLK2Freq                     0x08003d81   Thumb Code    36  stm32f4xx_hal_rcc.o(i.HAL_RCC_GetPCLK2Freq)
    HAL_RCC_GetSysClockFreq                  0x08003dad   Thumb Code   168  stm32f4xx_hal_rcc.o(i.HAL_RCC_GetSysClockFreq)
    HAL_RCC_OscConfig                        0x08003e61   Thumb Code  1032  stm32f4xx_hal_rcc.o(i.HAL_RCC_OscConfig)
    HAL_RNG_Init                             0x08004269   Thumb Code    74  stm32f4xx_hal_rng.o(i.HAL_RNG_Init)
    HAL_RNG_MspInit                          0x080042b3   Thumb Code     2  stm32f4xx_hal_rng.o(i.HAL_RNG_MspInit)
    HAL_SPI_Init                             0x080042b5   Thumb Code   136  stm32f4xx_hal_spi.o(i.HAL_SPI_Init)
    HAL_SPI_MspInit                          0x0800433d   Thumb Code     2  stm32f4xx_hal_spi.o(i.HAL_SPI_MspInit)
    HAL_SPI_Transmit                         0x0800433f   Thumb Code   450  stm32f4xx_hal_spi.o(i.HAL_SPI_Transmit)
    HAL_SPI_TransmitReceive                  0x08004501   Thumb Code   850  stm32f4xx_hal_spi.o(i.HAL_SPI_TransmitReceive)
    HAL_SYSTICK_Config                       0x08004853   Thumb Code    52  stm32f4xx_hal_cortex.o(i.HAL_SYSTICK_Config)
    HAL_Systick_Init                         0x08004889   Thumb Code    74  system_config.o(i.HAL_Systick_Init)
    HAL_TIMEx_ConfigBreakDeadTime            0x080048dd   Thumb Code    80  stm32f4xx_hal_tim_ex.o(i.HAL_TIMEx_ConfigBreakDeadTime)
    HAL_TIMEx_MasterConfigSynchronization    0x0800492d   Thumb Code    98  stm32f4xx_hal_tim_ex.o(i.HAL_TIMEx_MasterConfigSynchronization)
    HAL_TIM_MspPostInit                      0x08004991   Thumb Code   340  tim.o(i.HAL_TIM_MspPostInit)
    HAL_TIM_PWM_ConfigChannel                0x08004b05   Thumb Code   264  stm32f4xx_hal_tim.o(i.HAL_TIM_PWM_ConfigChannel)
    HAL_TIM_PWM_Init                         0x08004c0d   Thumb Code    52  stm32f4xx_hal_tim.o(i.HAL_TIM_PWM_Init)
    HAL_TIM_PWM_MspInit                      0x08004c41   Thumb Code   168  tim.o(i.HAL_TIM_PWM_MspInit)
    HAL_TIM_PWM_Start                        0x08004cf9   Thumb Code    68  stm32f4xx_hal_tim.o(i.HAL_TIM_PWM_Start)
    HAL_TIM_PWM_Stop                         0x08004d45   Thumb Code   126  stm32f4xx_hal_tim.o(i.HAL_TIM_PWM_Stop)
    HAL_UART_ErrorCallback                   0x08004dcd   Thumb Code     2  stm32f4xx_hal_uart.o(i.HAL_UART_ErrorCallback)
    HAL_UART_GetState                        0x08004dcf   Thumb Code     8  stm32f4xx_hal_uart.o(i.HAL_UART_GetState)
    HAL_UART_IRQHandler                      0x08004dd7   Thumb Code   304  stm32f4xx_hal_uart.o(i.HAL_UART_IRQHandler)
    HAL_UART_Init                            0x08004f07   Thumb Code   110  stm32f4xx_hal_uart.o(i.HAL_UART_Init)
    HAL_UART_MspInit                         0x08004f75   Thumb Code     2  stm32f4xx_hal_uart.o(i.HAL_UART_MspInit)
    HAL_UART_Receive_IT                      0x08004f77   Thumb Code   134  stm32f4xx_hal_uart.o(i.HAL_UART_Receive_IT)
    HAL_UART_RxCpltCallback                  0x08004ffd   Thumb Code   126  usart.o(i.HAL_UART_RxCpltCallback)
    HAL_UART_Transmit                        0x08005091   Thumb Code   240  stm32f4xx_hal_uart.o(i.HAL_UART_Transmit)
    HAL_UART_TxCpltCallback                  0x08005181   Thumb Code     2  stm32f4xx_hal_uart.o(i.HAL_UART_TxCpltCallback)
    HardFault_Handler                        0x08005183   Thumb Code     4  stm32f4xx_it.o(i.HardFault_Handler)
    IIC2_Init                                0x08005189   Thumb Code    74  iic2.o(i.IIC2_Init)
    Init_Beep                                0x080051e5   Thumb Code   188  beep.o(i.Init_Beep)
    Init_Task                                0x080052bd   Thumb Code   426  main.o(i.Init_Task)
    Key_Init                                 0x08005605   Thumb Code    62  key.o(i.Key_Init)
    LED_Flash                                0x0800564d   Thumb Code    48  led.o(i.LED_Flash)
    LED_Init                                 0x08005685   Thumb Code   200  led.o(i.LED_Init)
    Laser_Init                               0x0800576d   Thumb Code    38  laser.o(i.Laser_Init)
    MX_CAN1_Init                             0x0800579d   Thumb Code    52  can.o(i.MX_CAN1_Init)
    MX_CAN2_Init                             0x080057d9   Thumb Code    58  can.o(i.MX_CAN2_Init)
    MX_SPI1_Init                             0x0800581d   Thumb Code   146  spi.o(i.MX_SPI1_Init)
    MX_TIM2_Init                             0x080058c5   Thumb Code   116  tim.o(i.MX_TIM2_Init)
    MX_TIM4_Init                             0x0800593d   Thumb Code   114  tim.o(i.MX_TIM4_Init)
    MX_TIM5_Init                             0x080059b9   Thumb Code   114  tim.o(i.MX_TIM5_Init)
    MX_TIM8_Init                             0x08005a35   Thumb Code   154  tim.o(i.MX_TIM8_Init)
    MY_NVIC_Init                             0x08005ad9   Thumb Code   116  system_config.o(i.MY_NVIC_Init)
    MY_NVIC_PriorityGroupConfig              0x08005b51   Thumb Code    32  system_config.o(i.MY_NVIC_PriorityGroupConfig)
    Mecanum_To_Chassis                       0x08005b79   Thumb Code   210  odometer.o(i.Mecanum_To_Chassis)
    MemManage_Handler                        0x08005c5d   Thumb Code     4  stm32f4xx_it.o(i.MemManage_Handler)
    Motor_Init                               0x08005c61   Thumb Code    32  motor.o(i.Motor_Init)
    NMI_Handler                              0x08005c89   Thumb Code     2  stm32f4xx_it.o(i.NMI_Handler)
    Odometer_Summary                         0x08005cc5   Thumb Code   252  odometer.o(i.Odometer_Summary)
    PID_Calculate                            0x08005e01   Thumb Code   220  pid.o(i.PID_Calculate)
    PID_Get_Result                           0x08005f09   Thumb Code   378  pid.o(i.PID_Get_Result)
    PID_Init                                 0x08006085   Thumb Code   276  tasks.o(i.PID_Init)
    PID_Renew                                0x080061dd   Thumb Code    12  pid.o(i.PID_Renew)
    PWM_Init                                 0x080061e9   Thumb Code   148  pwm.o(i.PWM_Init)
    Power_Init                               0x0800628d   Thumb Code    86  power.o(i.Power_Init)
    Random_Init                              0x080062f5   Thumb Code   108  random.o(i.Random_Init)
    Received_CallBack                        0x0800636d   Thumb Code   288  decrypt.o(i.Received_CallBack)
    Remote_Control                           0x08006495   Thumb Code   286  tasks.o(i.Remote_Control)
    Remote_Init                              0x080065e1   Thumb Code    64  remote.o(i.Remote_Init)
    Renew_PID                                0x08006629   Thumb Code   244  tasks.o(i.Renew_PID)
    SPI4_Init                                0x08006749   Thumb Code   208  spi.o(i.SPI4_Init)
    SPI4_ReadWriteByte                       0x08006829   Thumb Code    28  spi.o(i.SPI4_ReadWriteByte)
    SPI4_SetSpeed                            0x08006849   Thumb Code    66  spi.o(i.SPI4_SetSpeed)
    Send_Chassis_Data                        0x080069a5   Thumb Code   230  encrypt.o(i.Send_Chassis_Data)
    Send_Data                                0x08006a99   Thumb Code   112  encrypt.o(i.Send_Data)
    Set_PID                                  0x08006b0d   Thumb Code   454  pid.o(i.Set_PID)
    Speed_To_Wheel                           0x08006d0d   Thumb Code   170  mecanum_wheel.o(i.Speed_To_Wheel)
    Stm32_Clock_Init                         0x08006dc1   Thumb Code   176  system_config.o(i.Stm32_Clock_Init)
    SysTick_Handler                          0x08006e79   Thumb Code    46  port.o(i.SysTick_Handler)
    SystemInit                               0x08006ead   Thumb Code    82  system_stm32f4xx.o(i.SystemInit)
    TIM3_IRQHandler                          0x08006f11   Thumb Code    30  stm32f4xx_it.o(i.TIM3_IRQHandler)
    TIM7_IRQHandler                          0x08006f35   Thumb Code    42  system_config.o(i.TIM7_IRQHandler)
    TIM_Base_SetConfig                       0x08006f69   Thumb Code   184  stm32f4xx_hal_tim.o(i.TIM_Base_SetConfig)
    TIM_CCxChannelCmd                        0x0800704d   Thumb Code    28  stm32f4xx_hal_tim.o(i.TIM_CCxChannelCmd)
    TIM_OC2_SetConfig                        0x080070d9   Thumb Code   112  stm32f4xx_hal_tim.o(i.TIM_OC2_SetConfig)
    TIM_SetTIM12Compare1                     0x08007229   Thumb Code    28  beep.o(i.TIM_SetTIM12Compare1)
    USART1_IRQHandler                        0x080076c9   Thumb Code    16  stm32f4xx_it.o(i.USART1_IRQHandler)
    USART1_Init                              0x080076dd   Thumb Code   222  usart.o(i.USART1_Init)
    USART2_IRQHandler                        0x080077d9   Thumb Code    66  usart.o(i.USART2_IRQHandler)
    USART2_init                              0x08007829   Thumb Code   164  usart.o(i.USART2_init)
    USART3_IRQHandler                        0x080078e1   Thumb Code    66  usart.o(i.USART3_IRQHandler)
    USART3_Init                              0x08007931   Thumb Code   166  usart.o(i.USART3_Init)
    UsageFault_Handler                       0x080079ed   Thumb Code     4  stm32f4xx_it.o(i.UsageFault_Handler)
    User_Code                                0x080079f1   Thumb Code   184  user.o(i.User_Code)
    __ARM_fpclassify                         0x08007b59   Thumb Code    48  fpclassify.o(i.__ARM_fpclassify)
    __hardfp_fabs                            0x08007b89   Thumb Code    20  fabs.o(i.__hardfp_fabs)
    _is_digit                                0x08007b9d   Thumb Code    14  __printf_wp.o(i._is_digit)
    _sys_exit                                0x08007bab   Thumb Code     4  usart.o(i._sys_exit)
    dma_current_data_counter                 0x08007baf   Thumb Code     8  remote.o(i.dma_current_data_counter)
    get_moto_measure                         0x08007bb7   Thumb Code   132  motor.o(i.get_moto_measure)
    get_moto_offset                          0x08007c3b   Thumb Code    20  motor.o(i.get_moto_offset)
    main                                     0x08007c51   Thumb Code    50  main.o(i.main)
    my_can_filter_init_recv_all              0x08007c99   Thumb Code    88  motor.o(i.my_can_filter_init_recv_all)
    oled_LOGO                                0x08007d09   Thumb Code   116  oled.o(i.oled_LOGO)
    oled_clear                               0x08007d81   Thumb Code    84  oled.o(i.oled_clear)
    oled_drawpoint                           0x08007dd9   Thumb Code   134  oled.o(i.oled_drawpoint)
    oled_init                                0x08007e65   Thumb Code   384  oled.o(i.oled_init)
    oled_printf                              0x08007fed   Thumb Code    92  oled.o(i.oled_printf)
    oled_refresh_gram                        0x08008049   Thumb Code    50  oled.o(i.oled_refresh_gram)
    oled_showchar                            0x080080b1   Thumb Code   146  oled.o(i.oled_showchar)
    oled_showstring                          0x08008149   Thumb Code    52  oled.o(i.oled_showstring)
    oled_write_byte                          0x0800817d   Thumb Code    44  oled.o(i.oled_write_byte)
    pvPortMalloc                             0x08008b31   Thumb Code   296  heap_4.o(i.pvPortMalloc)
    pxPortInitialiseStack                    0x08008c6d   Thumb Code    38  port.o(i.pxPortInitialiseStack)
    rc_callback_handler                      0x08008c99   Thumb Code   216  remote.o(i.rc_callback_handler)
    set_moto_current                         0x08008d71   Thumb Code    96  motor.o(i.set_moto_current)
    uart_receive_handler                     0x08008e19   Thumb Code    34  remote.o(i.uart_receive_handler)
    uxListRemove                             0x08008ead   Thumb Code    40  list.o(i.uxListRemove)
    vListInitialise                          0x08008ed5   Thumb Code    26  list.o(i.vListInitialise)
    vListInitialiseItem                      0x08008eef   Thumb Code     6  list.o(i.vListInitialiseItem)
    vListInsert                              0x08008ef5   Thumb Code    52  list.o(i.vListInsert)
    vListInsertEnd                           0x08008f29   Thumb Code    24  list.o(i.vListInsertEnd)
    vPortEnterCritical                       0x08008f41   Thumb Code    76  port.o(i.vPortEnterCritical)
    vPortExitCritical                        0x08008f95   Thumb Code    56  port.o(i.vPortExitCritical)
    vPortFree                                0x08008fd1   Thumb Code   140  heap_4.o(i.vPortFree)
    vPortSetupTimerInterrupt                 0x08009065   Thumb Code    20  port.o(i.vPortSetupTimerInterrupt)
    vPortValidateInterruptPriority           0x0800907d   Thumb Code   106  port.o(i.vPortValidateInterruptPriority)
    vQueueAddToRegistry                      0x080090f5   Thumb Code    38  queue.o(i.vQueueAddToRegistry)
    vQueueWaitForMessageRestricted           0x08009121   Thumb Code    74  queue.o(i.vQueueWaitForMessageRestricted)
    vTaskDelay                               0x0800916d   Thumb Code    82  tasks_1.o(i.vTaskDelay)
    vTaskDelete                              0x080091c9   Thumb Code   202  tasks_1.o(i.vTaskDelete)
    vTaskInternalSetTimeOutState             0x080092bd   Thumb Code    14  tasks_1.o(i.vTaskInternalSetTimeOutState)
    vTaskMissedYield                         0x080092d5   Thumb Code     8  tasks_1.o(i.vTaskMissedYield)
    vTaskPlaceOnEventList                    0x080092e1   Thumb Code    52  tasks_1.o(i.vTaskPlaceOnEventList)
    vTaskPlaceOnEventListRestricted          0x08009319   Thumb Code    60  tasks_1.o(i.vTaskPlaceOnEventListRestricted)
    vTaskStartScheduler                      0x08009359   Thumb Code   122  tasks_1.o(i.vTaskStartScheduler)
    vTaskSuspendAll                          0x080093f1   Thumb Code    12  tasks_1.o(i.vTaskSuspendAll)
    vTaskSwitchContext                       0x08009401   Thumb Code   172  tasks_1.o(i.vTaskSwitchContext)
    xPortStartScheduler                      0x080094cd   Thumb Code   330  port.o(i.xPortStartScheduler)
    xQueueGenericCreate                      0x08009635   Thumb Code    90  queue.o(i.xQueueGenericCreate)
    xQueueGenericReset                       0x08009691   Thumb Code   146  queue.o(i.xQueueGenericReset)
    xQueueGenericSend                        0x08009729   Thumb Code   420  queue.o(i.xQueueGenericSend)
    xQueueGenericSendFromISR                 0x080098d1   Thumb Code   248  queue.o(i.xQueueGenericSendFromISR)
    xQueueReceive                            0x080099c9   Thumb Code   356  queue.o(i.xQueueReceive)
    xTaskCheckForTimeOut                     0x08009b31   Thumb Code   132  tasks_1.o(i.xTaskCheckForTimeOut)
    xTaskCreate                              0x08009bbd   Thumb Code    96  tasks_1.o(i.xTaskCreate)
    xTaskGetSchedulerState                   0x08009c1d   Thumb Code    24  tasks_1.o(i.xTaskGetSchedulerState)
    xTaskGetTickCount                        0x08009c3d   Thumb Code     6  tasks_1.o(i.xTaskGetTickCount)
    xTaskIncrementTick                       0x08009c49   Thumb Code   282  tasks_1.o(i.xTaskIncrementTick)
    xTaskPriorityDisinherit                  0x08009d91   Thumb Code   188  tasks_1.o(i.xTaskPriorityDisinherit)
    xTaskRemoveFromEventList                 0x08009e59   Thumb Code   128  tasks_1.o(i.xTaskRemoveFromEventList)
    xTaskResumeAll                           0x08009ef1   Thumb Code   224  tasks_1.o(i.xTaskResumeAll)
    xTimerCreateTimerTask                    0x08009ff5   Thumb Code    64  timers.o(i.xTimerCreateTimerTask)
    xTimerGenericCommand                     0x0800a051   Thumb Code   126  timers.o(i.xTimerGenericCommand)
    _get_lc_numeric                          0x0800a0d5   Thumb Code    44  lc_numeric_c.o(locale$$code)
    _get_lc_ctype                            0x0800a101   Thumb Code    44  lc_ctype_c.o(locale$$code)
    __aeabi_d2f                              0x0800a12d   Thumb Code     0  d2f.o(x$fpl$d2f)
    _d2f                                     0x0800a12d   Thumb Code    98  d2f.o(x$fpl$d2f)
    __fpl_dcmp_Inf                           0x0800a18f   Thumb Code    24  dcmpi.o(x$fpl$dcmpinf)
    __aeabi_ddiv                             0x0800a1a9   Thumb Code     0  ddiv.o(x$fpl$ddiv)
    _ddiv                                    0x0800a1a9   Thumb Code   552  ddiv.o(x$fpl$ddiv)
    __aeabi_cdcmple                          0x0800a459   Thumb Code     0  dleqf.o(x$fpl$dleqf)
    _dcmple                                  0x0800a459   Thumb Code   120  dleqf.o(x$fpl$dleqf)
    __fpl_dcmple_InfNaN                      0x0800a4bb   Thumb Code     0  dleqf.o(x$fpl$dleqf)
    __fpl_dnaninf                            0x0800a4d1   Thumb Code   156  dnaninf.o(x$fpl$dnaninf)
    __fpl_dretinf                            0x0800a56d   Thumb Code    12  dretinf.o(x$fpl$dretinf)
    __aeabi_cdrcmple                         0x0800a579   Thumb Code     0  drleqf.o(x$fpl$drleqf)
    _drcmple                                 0x0800a579   Thumb Code   108  drleqf.o(x$fpl$drleqf)
    __aeabi_f2d                              0x0800a5e5   Thumb Code     0  f2d.o(x$fpl$f2d)
    _f2d                                     0x0800a5e5   Thumb Code    86  f2d.o(x$fpl$f2d)
    __fpl_fnaninf                            0x0800a63b   Thumb Code   140  fnaninf.o(x$fpl$fnaninf)
    _fp_init                                 0x0800a6c7   Thumb Code    10  fpinit.o(x$fpl$fpinit)
    __fplib_config_fpu_vfp                   0x0800a6cf   Thumb Code     0  fpinit.o(x$fpl$fpinit)
    __fplib_config_pureend_doubles           0x0800a6cf   Thumb Code     0  fpinit.o(x$fpl$fpinit)
    __fpl_fretinf                            0x0800a6d1   Thumb Code    10  fretinf.o(x$fpl$fretinf)
    _printf_fp_dec                           0x0800a6db   Thumb Code     4  printf1.o(x$fpl$printf1)
    _printf_fp_hex                           0x0800a6df   Thumb Code     4  printf2.o(x$fpl$printf2)
    __I$use$fp                               0x0800a6e2   Number         0  usenofp.o(x$fpl$usenofp)
    asc2_1206                                0x0800a6e2   Data        1140  oled.o(.constdata)
    gImage_logo                              0x0800ab56   Data         832  oled.o(.constdata)
    LOGO_BMP                                 0x0800ae96   Data        1024  oled.o(.constdata)
    APBAHBPrescTable                         0x0800b29e   Data          16  stm32f4xx_hal_rcc.o(.constdata)
    Region$$Table$$Base                      0x0800b3ac   Number         0  anon$$obj.o(Region$$Table)
    Region$$Table$$Limit                     0x0800b3cc   Number         0  anon$$obj.o(Region$$Table)
    __ctype                                  0x0800b3f5   Data           0  lc_ctype_c.o(locale$$data)
    Init_Task_Hanlder                        0x20000000   Data           4  main.o(.data)
    SystemCoreClock                          0x20000004   Data           4  system_stm32f4xx.o(.data)
    LED_Task_Handle                          0x20000008   Data           4  user.o(.data)
    PID_Calculate_Task                       0x2000000c   Data           4  user.o(.data)
    Remote_Control_Task                      0x20000010   Data           4  user.o(.data)
    Base_Speed_Task_Handler                  0x20000014   Data           4  user.o(.data)
    Communicate_Task_Handler                 0x20000018   Data           4  user.o(.data)
    Odometer_Task_Handler                    0x2000001c   Data           4  user.o(.data)
    Control_Task_Handler                     0x20000020   Data           4  user.o(.data)
    single_gyro                              0x20000024   Data           8  motor.o(.data)
    ZGyroModuleAngle                         0x2000002c   Data           4  motor.o(.data)
    VectorO_X                                0x20000030   Data           4  odometer.o(.data)
    VectorO_Y                                0x20000034   Data           4  odometer.o(.data)
    RotateO                                  0x20000038   Data           4  odometer.o(.data)
    VO_X                                     0x2000003c   Data           4  odometer.o(.data)
    VO_Y                                     0x20000040   Data           4  odometer.o(.data)
    Des_Vx                                   0x20000044   Data           4  odometer.o(.data)
    Des_Vy                                   0x20000048   Data           4  odometer.o(.data)
    Des_Wz                                   0x2000004c   Data           4  odometer.o(.data)
    L_Des_Vx                                 0x20000050   Data           4  odometer.o(.data)
    L_Des_Vy                                 0x20000054   Data           4  odometer.o(.data)
    L_Des_Wz                                 0x20000058   Data           4  odometer.o(.data)
    Compare1                                 0x2000005c   Data           4  beep.o(.data)
    USART2_Receve_Handler                    0x20000060   Data           8  usart.o(.data)
    USART3_Receve_Handler                    0x20000068   Data           8  usart.o(.data)
    aRxBuffer3                               0x20000070   Data           1  usart.o(.data)
    __stdout                                 0x20000072   Data           4  usart.o(.data)
    aRxBuffer                                0x20000076   Data           1  usart.o(.data)
    Rcv_Flg                                  0x20000077   Data           1  usart.o(.data)
    RX_Counter                               0x20000078   Data           1  usart.o(.data)
    Receive_Package                          0x2000007a   Data           8  decrypt.o(.data)
    FreeRTOSRunTimeTicks                     0x200000a8   Data           8  tasks_1.o(.data)
    pxCurrentTCB                             0x200000b0   Data           4  tasks_1.o(.data)
    Summer_Camp_Info                         0x2000010c   Data          86  manifold.o(.bss)
    Map_Data                                 0x20000162   Data          45  manifold.o(.bss)
    Chassis_Data                             0x20000190   Data          24  manifold.o(.bss)
    PID1                                     0x200001a8   Data          48  pid.o(.bss)
    PID2                                     0x200001d8   Data          48  pid.o(.bss)
    PID3                                     0x20000208   Data          48  pid.o(.bss)
    PID4                                     0x20000238   Data          48  pid.o(.bss)
    PID5                                     0x20000268   Data          48  pid.o(.bss)
    PID6                                     0x20000298   Data          48  pid.o(.bss)
    PID7                                     0x200002c8   Data          48  pid.o(.bss)
    PID8                                     0x200002f8   Data          48  pid.o(.bss)
    Chassis_Wz                               0x20000328   Data          48  pid.o(.bss)
    Chassis_Vx                               0x20000358   Data          48  pid.o(.bss)
    Chassis_Vy                               0x20000388   Data          48  pid.o(.bss)
    Chassis_Victor_y                         0x200003b8   Data          48  pid.o(.bss)
    Chassis_Victor_x                         0x200003e8   Data          48  pid.o(.bss)
    Ball2_Angle                              0x20000418   Data          48  pid.o(.bss)
    Ball1_Angle                              0x20000448   Data          48  pid.o(.bss)
    dbus_buf                                 0x20000878   Data          18  remote.o(.bss)
    Remote                                   0x2000088a   Data          10  remote.o(.bss)
    moto_chassis                             0x20000894   Data         320  motor.o(.bss)
    moto_info                                0x200009d4   Data          40  motor.o(.bss)
    RNG_Handler                              0x20000a7c   Data          12  random.o(.bss)
    TIM12_Handler                            0x20000a88   Data          60  beep.o(.bss)
    TIM12_CH1Handler                         0x20000ac4   Data          28  beep.o(.bss)
    ADC1_Handler                             0x20000ae0   Data          68  adc.o(.bss)
    hcan1                                    0x20000b24   Data          64  can.o(.bss)
    hcan2                                    0x20000b64   Data          64  can.o(.bss)
    DAC1_Handler                             0x20000ba4   Data          20  dac.o(.bss)
    DAC2_Handler                             0x20000bb8   Data          20  dac.o(.bss)
    htim2                                    0x20000bcc   Data          60  tim.o(.bss)
    htim4                                    0x20000c08   Data          60  tim.o(.bss)
    htim5                                    0x20000c44   Data          60  tim.o(.bss)
    htim8                                    0x20000c80   Data          60  tim.o(.bss)
    hspi1                                    0x20000cbc   Data          88  spi.o(.bss)
    SPI4_Handler                             0x20000d14   Data          88  spi.o(.bss)
    SPI5_Handler                             0x20000d6c   Data          88  spi.o(.bss)
    huart1                                   0x20000dc4   Data          64  usart.o(.bss)
    hdma_usart1_rx                           0x20000e04   Data          88  usart.o(.bss)
    USART3_Handler                           0x20000e5c   Data          64  usart.o(.bss)
    USART2_Handler                           0x20000e9c   Data          64  usart.o(.bss)
    USART3_Rcv_Buffer                        0x20000edc   Data          15  usart.o(.bss)
    xQueueRegistry                           0x20018eec   Data          64  queue.o(.bss)
    __libspace_start                         0x2001901c   Data          96  libspace.o(.bss)
    __temporary_stack_top$libspace           0x2001907c   Data           0  libspace.o(.bss)



==============================================================================

Memory Map of the image

  Image Entry point : 0x080001ad

  Load Region LR_IROM1 (Base: 0x08000000, Size: 0x0000b604, Max: 0x00200000, ABSOLUTE)

    Execution Region ER_IROM1 (Exec base: 0x08000000, Load base: 0x08000000, Size: 0x0000b4f8, Max: 0x00200000, ABSOLUTE)

    Exec Addr    Load Addr    Size         Type   Attr      Idx    E Section Name        Object

    0x08000000   0x08000000   0x000001ac   Data   RO         1897    RESET               startup_stm32f427xx.o
    0x080001ac   0x080001ac   0x00000008   Code   RO         7482  * !!!main             c_w.l(__main.o)
    0x080001b4   0x080001b4   0x00000034   Code   RO         7836    !!!scatter          c_w.l(__scatter.o)
    0x080001e8   0x080001e8   0x0000001a   Code   RO         7838    !!handler_copy      c_w.l(__scatter_copy.o)
    0x08000202   0x08000202   0x00000002   PAD
    0x08000204   0x08000204   0x0000001c   Code   RO         7840    !!handler_zi        c_w.l(__scatter_zi.o)
    0x08000220   0x08000220   0x00000000   Code   RO         7469    .ARM.Collect$$_printf_percent$$00000000  c_w.l(_printf_percent.o)
    0x08000220   0x08000220   0x00000006   Code   RO         7576    .ARM.Collect$$_printf_percent$$00000001  c_w.l(_printf_n.o)
    0x08000226   0x08000226   0x00000006   Code   RO         7578    .ARM.Collect$$_printf_percent$$00000002  c_w.l(_printf_p.o)
    0x0800022c   0x0800022c   0x00000006   Code   RO         7582    .ARM.Collect$$_printf_percent$$00000003  c_w.l(_printf_f.o)
    0x08000232   0x08000232   0x00000006   Code   RO         7583    .ARM.Collect$$_printf_percent$$00000004  c_w.l(_printf_e.o)
    0x08000238   0x08000238   0x00000006   Code   RO         7584    .ARM.Collect$$_printf_percent$$00000005  c_w.l(_printf_g.o)
    0x0800023e   0x0800023e   0x00000006   Code   RO         7585    .ARM.Collect$$_printf_percent$$00000006  c_w.l(_printf_a.o)
    0x08000244   0x08000244   0x0000000a   Code   RO         7590    .ARM.Collect$$_printf_percent$$00000007  c_w.l(_printf_ll.o)
    0x0800024e   0x0800024e   0x00000006   Code   RO         7580    .ARM.Collect$$_printf_percent$$00000008  c_w.l(_printf_i.o)
    0x08000254   0x08000254   0x00000006   Code   RO         7581    .ARM.Collect$$_printf_percent$$00000009  c_w.l(_printf_d.o)
    0x0800025a   0x0800025a   0x00000006   Code   RO         7468    .ARM.Collect$$_printf_percent$$0000000A  c_w.l(_printf_u.o)
    0x08000260   0x08000260   0x00000006   Code   RO         7579    .ARM.Collect$$_printf_percent$$0000000B  c_w.l(_printf_o.o)
    0x08000266   0x08000266   0x00000006   Code   RO         7577    .ARM.Collect$$_printf_percent$$0000000C  c_w.l(_printf_x.o)
    0x0800026c   0x0800026c   0x00000006   Code   RO         7587    .ARM.Collect$$_printf_percent$$0000000D  c_w.l(_printf_lli.o)
    0x08000272   0x08000272   0x00000006   Code   RO         7588    .ARM.Collect$$_printf_percent$$0000000E  c_w.l(_printf_lld.o)
    0x08000278   0x08000278   0x00000006   Code   RO         7589    .ARM.Collect$$_printf_percent$$0000000F  c_w.l(_printf_llu.o)
    0x0800027e   0x0800027e   0x00000006   Code   RO         7594    .ARM.Collect$$_printf_percent$$00000010  c_w.l(_printf_llo.o)
    0x08000284   0x08000284   0x00000006   Code   RO         7595    .ARM.Collect$$_printf_percent$$00000011  c_w.l(_printf_llx.o)
    0x0800028a   0x0800028a   0x0000000a   Code   RO         7591    .ARM.Collect$$_printf_percent$$00000012  c_w.l(_printf_l.o)
    0x08000294   0x08000294   0x00000006   Code   RO         7467    .ARM.Collect$$_printf_percent$$00000013  c_w.l(_printf_c.o)
    0x0800029a   0x0800029a   0x00000006   Code   RO         7575    .ARM.Collect$$_printf_percent$$00000014  c_w.l(_printf_s.o)
    0x080002a0   0x080002a0   0x00000006   Code   RO         7592    .ARM.Collect$$_printf_percent$$00000015  c_w.l(_printf_lc.o)
    0x080002a6   0x080002a6   0x00000006   Code   RO         7593    .ARM.Collect$$_printf_percent$$00000016  c_w.l(_printf_ls.o)
    0x080002ac   0x080002ac   0x00000004   Code   RO         7586    .ARM.Collect$$_printf_percent$$00000017  c_w.l(_printf_percent_end.o)
    0x080002b0   0x080002b0   0x00000002   Code   RO         7701    .ARM.Collect$$libinit$$00000000  c_w.l(libinit.o)
    0x080002b2   0x080002b2   0x00000004   Code   RO         7722    .ARM.Collect$$libinit$$00000001  c_w.l(libinit2.o)
    0x080002b6   0x080002b6   0x00000000   Code   RO         7725    .ARM.Collect$$libinit$$00000004  c_w.l(libinit2.o)
    0x080002b6   0x080002b6   0x00000000   Code   RO         7728    .ARM.Collect$$libinit$$0000000A  c_w.l(libinit2.o)
    0x080002b6   0x080002b6   0x00000000   Code   RO         7730    .ARM.Collect$$libinit$$0000000C  c_w.l(libinit2.o)
    0x080002b6   0x080002b6   0x00000000   Code   RO         7732    .ARM.Collect$$libinit$$0000000E  c_w.l(libinit2.o)
    0x080002b6   0x080002b6   0x00000006   Code   RO         7733    .ARM.Collect$$libinit$$0000000F  c_w.l(libinit2.o)
    0x080002bc   0x080002bc   0x00000000   Code   RO         7735    .ARM.Collect$$libinit$$00000011  c_w.l(libinit2.o)
    0x080002bc   0x080002bc   0x0000000c   Code   RO         7736    .ARM.Collect$$libinit$$00000012  c_w.l(libinit2.o)
    0x080002c8   0x080002c8   0x00000000   Code   RO         7737    .ARM.Collect$$libinit$$00000013  c_w.l(libinit2.o)
    0x080002c8   0x080002c8   0x00000000   Code   RO         7739    .ARM.Collect$$libinit$$00000015  c_w.l(libinit2.o)
    0x080002c8   0x080002c8   0x0000000a   Code   RO         7740    .ARM.Collect$$libinit$$00000016  c_w.l(libinit2.o)
    0x080002d2   0x080002d2   0x00000000   Code   RO         7741    .ARM.Collect$$libinit$$00000017  c_w.l(libinit2.o)
    0x080002d2   0x080002d2   0x00000000   Code   RO         7743    .ARM.Collect$$libinit$$00000019  c_w.l(libinit2.o)
    0x080002d2   0x080002d2   0x00000000   Code   RO         7745    .ARM.Collect$$libinit$$0000001B  c_w.l(libinit2.o)
    0x080002d2   0x080002d2   0x00000000   Code   RO         7747    .ARM.Collect$$libinit$$0000001D  c_w.l(libinit2.o)
    0x080002d2   0x080002d2   0x00000000   Code   RO         7749    .ARM.Collect$$libinit$$0000001F  c_w.l(libinit2.o)
    0x080002d2   0x080002d2   0x00000000   Code   RO         7751    .ARM.Collect$$libinit$$00000021  c_w.l(libinit2.o)
    0x080002d2   0x080002d2   0x00000000   Code   RO         7753    .ARM.Collect$$libinit$$00000023  c_w.l(libinit2.o)
    0x080002d2   0x080002d2   0x00000000   Code   RO         7755    .ARM.Collect$$libinit$$00000025  c_w.l(libinit2.o)
    0x080002d2   0x080002d2   0x00000000   Code   RO         7759    .ARM.Collect$$libinit$$0000002C  c_w.l(libinit2.o)
    0x080002d2   0x080002d2   0x00000000   Code   RO         7761    .ARM.Collect$$libinit$$0000002E  c_w.l(libinit2.o)
    0x080002d2   0x080002d2   0x00000000   Code   RO         7763    .ARM.Collect$$libinit$$00000030  c_w.l(libinit2.o)
    0x080002d2   0x080002d2   0x00000000   Code   RO         7765    .ARM.Collect$$libinit$$00000032  c_w.l(libinit2.o)
    0x080002d2   0x080002d2   0x00000002   Code   RO         7766    .ARM.Collect$$libinit$$00000033  c_w.l(libinit2.o)
    0x080002d4   0x080002d4   0x00000002   Code   RO         7792    .ARM.Collect$$libshutdown$$00000000  c_w.l(libshutdown.o)
    0x080002d6   0x080002d6   0x00000000   Code   RO         7819    .ARM.Collect$$libshutdown$$00000002  c_w.l(libshutdown2.o)
    0x080002d6   0x080002d6   0x00000000   Code   RO         7821    .ARM.Collect$$libshutdown$$00000004  c_w.l(libshutdown2.o)
    0x080002d6   0x080002d6   0x00000000   Code   RO         7824    .ARM.Collect$$libshutdown$$00000007  c_w.l(libshutdown2.o)
    0x080002d6   0x080002d6   0x00000000   Code   RO         7827    .ARM.Collect$$libshutdown$$0000000A  c_w.l(libshutdown2.o)
    0x080002d6   0x080002d6   0x00000000   Code   RO         7829    .ARM.Collect$$libshutdown$$0000000C  c_w.l(libshutdown2.o)
    0x080002d6   0x080002d6   0x00000000   Code   RO         7832    .ARM.Collect$$libshutdown$$0000000F  c_w.l(libshutdown2.o)
    0x080002d6   0x080002d6   0x00000002   Code   RO         7833    .ARM.Collect$$libshutdown$$00000010  c_w.l(libshutdown2.o)
    0x080002d8   0x080002d8   0x00000000   Code   RO         7524    .ARM.Collect$$rtentry$$00000000  c_w.l(__rtentry.o)
    0x080002d8   0x080002d8   0x00000000   Code   RO         7620    .ARM.Collect$$rtentry$$00000002  c_w.l(__rtentry2.o)
    0x080002d8   0x080002d8   0x00000006   Code   RO         7632    .ARM.Collect$$rtentry$$00000004  c_w.l(__rtentry4.o)
    0x080002de   0x080002de   0x00000000   Code   RO         7622    .ARM.Collect$$rtentry$$00000009  c_w.l(__rtentry2.o)
    0x080002de   0x080002de   0x00000004   Code   RO         7623    .ARM.Collect$$rtentry$$0000000A  c_w.l(__rtentry2.o)
    0x080002e2   0x080002e2   0x00000000   Code   RO         7625    .ARM.Collect$$rtentry$$0000000C  c_w.l(__rtentry2.o)
    0x080002e2   0x080002e2   0x00000008   Code   RO         7626    .ARM.Collect$$rtentry$$0000000D  c_w.l(__rtentry2.o)
    0x080002ea   0x080002ea   0x00000002   Code   RO         7709    .ARM.Collect$$rtexit$$00000000  c_w.l(rtexit.o)
    0x080002ec   0x080002ec   0x00000000   Code   RO         7768    .ARM.Collect$$rtexit$$00000002  c_w.l(rtexit2.o)
    0x080002ec   0x080002ec   0x00000004   Code   RO         7769    .ARM.Collect$$rtexit$$00000003  c_w.l(rtexit2.o)
    0x080002f0   0x080002f0   0x00000006   Code   RO         7770    .ARM.Collect$$rtexit$$00000004  c_w.l(rtexit2.o)
    0x080002f6   0x080002f6   0x00000002   PAD
    0x080002f8   0x080002f8   0x000000be   Code   RO         2029    .emb_text           port.o
    0x080003b6   0x080003b6   0x00000002   PAD
    0x080003b8   0x080003b8   0x00000040   Code   RO         1898    .text               startup_stm32f427xx.o
    0x080003f8   0x080003f8   0x00000002   Code   RO         7431    .text               c_w.l(use_no_semi_2.o)
    0x080003fa   0x080003fa   0x00000002   PAD
    0x080003fc   0x080003fc   0x00000024   Code   RO         7435    .text               c_w.l(vsprintf.o)
    0x08000420   0x08000420   0x00000052   Code   RO         7443    .text               c_w.l(_printf_str.o)
    0x08000472   0x08000472   0x00000002   PAD
    0x08000474   0x08000474   0x00000078   Code   RO         7445    .text               c_w.l(_printf_dec.o)
    0x080004ec   0x080004ec   0x00000188   Code   RO         7464    .text               c_w.l(__printf_flags_ss_wp.o)
    0x08000674   0x08000674   0x0000008a   Code   RO         7474    .text               c_w.l(rt_memcpy_v6.o)
    0x080006fe   0x080006fe   0x00000010   Code   RO         7476    .text               c_w.l(aeabi_memset.o)
    0x0800070e   0x0800070e   0x0000004e   Code   RO         7478    .text               c_w.l(rt_memclr_w.o)
    0x0800075c   0x0800075c   0x00000006   Code   RO         7480    .text               c_w.l(heapauxi.o)
    0x08000762   0x08000762   0x00000002   Code   RO         7522    .text               c_w.l(use_no_semi.o)
    0x08000764   0x08000764   0x0000004e   Code   RO         7529    .text               c_w.l(_printf_pad.o)
    0x080007b2   0x080007b2   0x00000024   Code   RO         7531    .text               c_w.l(_printf_truncate.o)
    0x080007d6   0x080007d6   0x000000b2   Code   RO         7533    .text               c_w.l(_printf_intcommon.o)
    0x08000888   0x08000888   0x00000028   Code   RO         7535    .text               c_w.l(_printf_charcount.o)
    0x080008b0   0x080008b0   0x00000030   Code   RO         7537    .text               c_w.l(_printf_char_common.o)
    0x080008e0   0x080008e0   0x0000000a   Code   RO         7539    .text               c_w.l(_sputc.o)
    0x080008ea   0x080008ea   0x0000002c   Code   RO         7541    .text               c_w.l(_printf_char.o)
    0x08000916   0x08000916   0x00000002   PAD
    0x08000918   0x08000918   0x000000bc   Code   RO         7543    .text               c_w.l(_printf_wctomb.o)
    0x080009d4   0x080009d4   0x0000007c   Code   RO         7546    .text               c_w.l(_printf_longlong_dec.o)
    0x08000a50   0x08000a50   0x00000070   Code   RO         7552    .text               c_w.l(_printf_oct_int_ll.o)
    0x08000ac0   0x08000ac0   0x00000094   Code   RO         7572    .text               c_w.l(_printf_hex_int_ll_ptr.o)
    0x08000b54   0x08000b54   0x00000064   Code   RO         7596    .text               c_w.l(rt_memcpy_w.o)
    0x08000bb8   0x08000bb8   0x00000044   Code   RO         7598    .text               c_w.l(rt_memclr.o)
    0x08000bfc   0x08000bfc   0x0000008a   Code   RO         7636    .text               c_w.l(lludiv10.o)
    0x08000c86   0x08000c86   0x0000041e   Code   RO         7638    .text               c_w.l(_printf_fp_dec.o)
    0x080010a4   0x080010a4   0x000002fc   Code   RO         7640    .text               c_w.l(_printf_fp_hex.o)
    0x080013a0   0x080013a0   0x0000002c   Code   RO         7645    .text               c_w.l(_printf_wchar.o)
    0x080013cc   0x080013cc   0x00000040   Code   RO         7647    .text               c_w.l(_wcrtomb.o)
    0x0800140c   0x0800140c   0x0000004a   Code   RO         7651    .text               c_w.l(sys_stackheap_outer.o)
    0x08001456   0x08001456   0x00000002   PAD
    0x08001458   0x08001458   0x00000010   Code   RO         7653    .text               c_w.l(rt_ctype_table.o)
    0x08001468   0x08001468   0x00000008   Code   RO         7658    .text               c_w.l(rt_locale_intlibspace.o)
    0x08001470   0x08001470   0x00000080   Code   RO         7660    .text               c_w.l(_printf_fp_infnan.o)
    0x080014f0   0x080014f0   0x000000e4   Code   RO         7662    .text               c_w.l(bigflt0.o)
    0x080015d4   0x080015d4   0x00000012   Code   RO         7690    .text               c_w.l(exit.o)
    0x080015e6   0x080015e6   0x00000002   PAD
    0x080015e8   0x080015e8   0x00000008   Code   RO         7706    .text               c_w.l(libspace.o)
    0x080015f0   0x080015f0   0x00000080   Code   RO         7720    .text               c_w.l(strcmpv7m.o)
    0x08001670   0x08001670   0x0000003e   Code   RO         7665    CL$$btod_d2e        c_w.l(btod.o)
    0x080016ae   0x080016ae   0x00000046   Code   RO         7667    CL$$btod_d2e_denorm_low  c_w.l(btod.o)
    0x080016f4   0x080016f4   0x00000060   Code   RO         7666    CL$$btod_d2e_norm_op1  c_w.l(btod.o)
    0x08001754   0x08001754   0x00000338   Code   RO         7675    CL$$btod_div_common  c_w.l(btod.o)
    0x08001a8c   0x08001a8c   0x000000dc   Code   RO         7672    CL$$btod_e2e        c_w.l(btod.o)
    0x08001b68   0x08001b68   0x0000002a   Code   RO         7669    CL$$btod_ediv       c_w.l(btod.o)
    0x08001b92   0x08001b92   0x0000002a   Code   RO         7668    CL$$btod_emul       c_w.l(btod.o)
    0x08001bbc   0x08001bbc   0x00000244   Code   RO         7674    CL$$btod_mult_common  c_w.l(btod.o)
    0x08001e00   0x08001e00   0x00000104   Code   RO         1403    i.ADC1_Init         adc.o
    0x08001f04   0x08001f04   0x00000178   Code   RO         3013    i.ADC_Init          stm32f4xx_hal_adc.o
    0x0800207c   0x0800207c   0x00000074   Code   RO          714    i.Base_Speed_Task   pid.o
    0x080020f0   0x080020f0   0x00000010   Code   RO         1298    i.Beep_Off          beep.o
    0x08002100   0x08002100   0x0000001c   Code   RO         1299    i.Beep_On           beep.o
    0x0800211c   0x0800211c   0x00000046   Code   RO         1300    i.Beep_Startup      beep.o
    0x08002162   0x08002162   0x00000004   Code   RO          360    i.BusFault_Handler  stm32f4xx_it.o
    0x08002166   0x08002166   0x00000002   PAD
    0x08002168   0x08002168   0x00000010   Code   RO          361    i.CAN1_RX0_IRQHandler  stm32f4xx_it.o
    0x08002178   0x08002178   0x00000010   Code   RO          362    i.CAN1_TX_IRQHandler  stm32f4xx_it.o
    0x08002188   0x08002188   0x00000010   Code   RO          363    i.CAN2_RX0_IRQHandler  stm32f4xx_it.o
    0x08002198   0x08002198   0x00000010   Code   RO          364    i.CAN2_TX_IRQHandler  stm32f4xx_it.o
    0x080021a8   0x080021a8   0x000001a8   Code   RO         3285    i.CAN_Receive_IT    stm32f4xx_hal_can.o
    0x08002350   0x08002350   0x00000074   Code   RO         3286    i.CAN_Transmit_IT   stm32f4xx_hal_can.o
    0x080023c4   0x080023c4   0x00000014   Code   RO          605    i.Communicate_Task  manifold.o
    0x080023d8   0x080023d8   0x00000064   Code   RO         7326    i.ConfigureTimeForRunTimeStats  system_config.o
    0x0800243c   0x0800243c   0x0000000a   Code   RO          690    i.Control_Task      algorithm.o
    0x08002446   0x08002446   0x00000002   PAD
    0x08002448   0x08002448   0x00000098   Code   RO         1500    i.DAC1_Init         dac.o
    0x080024e0   0x080024e0   0x00000098   Code   RO         1502    i.DAC2_Init         dac.o
    0x08002578   0x08002578   0x00000038   Code   RO         7328    i.DMA2_Init         system_config.o
    0x080025b0   0x080025b0   0x00000010   Code   RO          365    i.DMA2_Stream2_IRQHandler  stm32f4xx_it.o
    0x080025c0   0x080025c0   0x00000034   Code   RO         3768    i.DMA_CalcBaseAndBitshift  stm32f4xx_hal_dma.o
    0x080025f4   0x080025f4   0x0000002c   Code   RO         3769    i.DMA_SetConfig     stm32f4xx_hal_dma.o
    0x08002620   0x08002620   0x00000002   Code   RO          366    i.DebugMon_Handler  stm32f4xx_it.o
    0x08002622   0x08002622   0x00000014   Code   RO         7329    i.Delayms           system_config.o
    0x08002636   0x08002636   0x00000188   Code   RO         7330    i.Delayus           system_config.o
    0x080027be   0x080027be   0x00000002   PAD
    0x080027c0   0x080027c0   0x00000050   Code   RO         3024    i.HAL_ADC_Init      stm32f4xx_hal_adc.o
    0x08002810   0x08002810   0x00000002   Code   RO         3027    i.HAL_ADC_MspInit   stm32f4xx_hal_adc.o
    0x08002812   0x08002812   0x00000002   PAD
    0x08002814   0x08002814   0x0000012c   Code   RO         3287    i.HAL_CAN_ConfigFilter  stm32f4xx_hal_can.o
    0x08002940   0x08002940   0x00000002   Code   RO         3289    i.HAL_CAN_ErrorCallback  stm32f4xx_hal_can.o
    0x08002942   0x08002942   0x00000002   PAD
    0x08002944   0x08002944   0x000001cc   Code   RO         3292    i.HAL_CAN_IRQHandler  stm32f4xx_hal_can.o
    0x08002b10   0x08002b10   0x000001c0   Code   RO         3293    i.HAL_CAN_Init      stm32f4xx_hal_can.o
    0x08002cd0   0x08002cd0   0x00000134   Code   RO         1453    i.HAL_CAN_MspInit   can.o
    0x08002e04   0x08002e04   0x000000ae   Code   RO         3297    i.HAL_CAN_Receive_IT  stm32f4xx_hal_can.o
    0x08002eb2   0x08002eb2   0x00000002   PAD
    0x08002eb4   0x08002eb4   0x00000150   Code   RO         1001    i.HAL_CAN_RxCpltCallback  motor.o
    0x08003004   0x08003004   0x00000260   Code   RO         3300    i.HAL_CAN_Transmit  stm32f4xx_hal_can.o
    0x08003264   0x08003264   0x00000002   Code   RO         3302    i.HAL_CAN_TxCpltCallback  stm32f4xx_hal_can.o
    0x08003266   0x08003266   0x0000005a   Code   RO         3546    i.HAL_DAC_ConfigChannel  stm32f4xx_hal_dac.o
    0x080032c0   0x080032c0   0x00000028   Code   RO         3556    i.HAL_DAC_Init      stm32f4xx_hal_dac.o
    0x080032e8   0x080032e8   0x00000002   Code   RO         3558    i.HAL_DAC_MspInit   stm32f4xx_hal_dac.o
    0x080032ea   0x080032ea   0x0000008c   Code   RO         3560    i.HAL_DAC_Start     stm32f4xx_hal_dac.o
    0x08003376   0x08003376   0x00000002   PAD
    0x08003378   0x08003378   0x00000218   Code   RO         3774    i.HAL_DMA_IRQHandler  stm32f4xx_hal_dma.o
    0x08003590   0x08003590   0x00000084   Code   RO         3775    i.HAL_DMA_Init      stm32f4xx_hal_dma.o
    0x08003614   0x08003614   0x00000052   Code   RO         3777    i.HAL_DMA_Start     stm32f4xx_hal_dma.o
    0x08003666   0x08003666   0x00000002   PAD
    0x08003668   0x08003668   0x0000021c   Code   RO         4038    i.HAL_GPIO_Init     stm32f4xx_hal_gpio.o
    0x08003884   0x08003884   0x0000000c   Code   RO         4042    i.HAL_GPIO_WritePin  stm32f4xx_hal_gpio.o
    0x08003890   0x08003890   0x0000000c   Code   RO         2872    i.HAL_GetTick       stm32f4xx_hal.o
    0x0800389c   0x0800389c   0x00000010   Code   RO         2873    i.HAL_IncTick       stm32f4xx_hal.o
    0x080038ac   0x080038ac   0x00000038   Code   RO         2874    i.HAL_Init          stm32f4xx_hal.o
    0x080038e4   0x080038e4   0x00000024   Code   RO         2875    i.HAL_InitTick      stm32f4xx_hal.o
    0x08003908   0x08003908   0x00000002   Code   RO          327    i.HAL_MspInit       stm32f4xx_hal_msp.o
    0x0800390a   0x0800390a   0x0000001a   Code   RO         3418    i.HAL_NVIC_EnableIRQ  stm32f4xx_hal_cortex.o
    0x08003924   0x08003924   0x0000007c   Code   RO         3424    i.HAL_NVIC_SetPriority  stm32f4xx_hal_cortex.o
    0x080039a0   0x080039a0   0x00000028   Code   RO         3425    i.HAL_NVIC_SetPriorityGrouping  stm32f4xx_hal_cortex.o
    0x080039c8   0x080039c8   0x000000a4   Code   RO         6853    i.HAL_PWREx_EnableOverDrive  stm32f4xx_hal_pwr_ex.o
    0x08003a6c   0x08003a6c   0x000002b0   Code   RO         4102    i.HAL_RCC_ClockConfig  stm32f4xx_hal_rcc.o
    0x08003d1c   0x08003d1c   0x00000038   Code   RO         4107    i.HAL_RCC_GetHCLKFreq  stm32f4xx_hal_rcc.o
    0x08003d54   0x08003d54   0x0000002c   Code   RO         4109    i.HAL_RCC_GetPCLK1Freq  stm32f4xx_hal_rcc.o
    0x08003d80   0x08003d80   0x0000002c   Code   RO         4110    i.HAL_RCC_GetPCLK2Freq  stm32f4xx_hal_rcc.o
    0x08003dac   0x08003dac   0x000000b4   Code   RO         4111    i.HAL_RCC_GetSysClockFreq  stm32f4xx_hal_rcc.o
    0x08003e60   0x08003e60   0x00000408   Code   RO         4114    i.HAL_RCC_OscConfig  stm32f4xx_hal_rcc.o
    0x08004268   0x08004268   0x0000004a   Code   RO         4250    i.HAL_RNG_Init      stm32f4xx_hal_rng.o
    0x080042b2   0x080042b2   0x00000002   Code   RO         4252    i.HAL_RNG_MspInit   stm32f4xx_hal_rng.o
    0x080042b4   0x080042b4   0x00000088   Code   RO         5152    i.HAL_SPI_Init      stm32f4xx_hal_spi.o
    0x0800433c   0x0800433c   0x00000002   Code   RO         5154    i.HAL_SPI_MspInit   stm32f4xx_hal_spi.o
    0x0800433e   0x0800433e   0x000001c2   Code   RO         5160    i.HAL_SPI_Transmit  stm32f4xx_hal_spi.o
    0x08004500   0x08004500   0x00000352   Code   RO         5161    i.HAL_SPI_TransmitReceive  stm32f4xx_hal_spi.o
    0x08004852   0x08004852   0x00000034   Code   RO         3429    i.HAL_SYSTICK_Config  stm32f4xx_hal_cortex.o
    0x08004886   0x08004886   0x00000002   PAD
    0x08004888   0x08004888   0x00000054   Code   RO         7334    i.HAL_Systick_Init  system_config.o
    0x080048dc   0x080048dc   0x00000050   Code   RO         6031    i.HAL_TIMEx_ConfigBreakDeadTime  stm32f4xx_hal_tim_ex.o
    0x0800492c   0x0800492c   0x00000062   Code   RO         6046    i.HAL_TIMEx_MasterConfigSynchronization  stm32f4xx_hal_tim_ex.o
    0x0800498e   0x0800498e   0x00000002   PAD
    0x08004990   0x08004990   0x00000174   Code   RO         1599    i.HAL_TIM_MspPostInit  tim.o
    0x08004b04   0x08004b04   0x00000108   Code   RO         5456    i.HAL_TIM_PWM_ConfigChannel  stm32f4xx_hal_tim.o
    0x08004c0c   0x08004c0c   0x00000034   Code   RO         5459    i.HAL_TIM_PWM_Init  stm32f4xx_hal_tim.o
    0x08004c40   0x08004c40   0x000000b8   Code   RO         1601    i.HAL_TIM_PWM_MspInit  tim.o
    0x08004cf8   0x08004cf8   0x0000004c   Code   RO         5463    i.HAL_TIM_PWM_Start  stm32f4xx_hal_tim.o
    0x08004d44   0x08004d44   0x00000088   Code   RO         5466    i.HAL_TIM_PWM_Stop  stm32f4xx_hal_tim.o
    0x08004dcc   0x08004dcc   0x00000002   Code   RO         6280    i.HAL_UART_ErrorCallback  stm32f4xx_hal_uart.o
    0x08004dce   0x08004dce   0x00000008   Code   RO         6282    i.HAL_UART_GetState  stm32f4xx_hal_uart.o
    0x08004dd6   0x08004dd6   0x00000130   Code   RO         6283    i.HAL_UART_IRQHandler  stm32f4xx_hal_uart.o
    0x08004f06   0x08004f06   0x0000006e   Code   RO         6284    i.HAL_UART_Init     stm32f4xx_hal_uart.o
    0x08004f74   0x08004f74   0x00000002   Code   RO         6286    i.HAL_UART_MspInit  stm32f4xx_hal_uart.o
    0x08004f76   0x08004f76   0x00000086   Code   RO         6289    i.HAL_UART_Receive_IT  stm32f4xx_hal_uart.o
    0x08004ffc   0x08004ffc   0x00000094   Code   RO         1726    i.HAL_UART_RxCpltCallback  usart.o
    0x08005090   0x08005090   0x000000f0   Code   RO         6292    i.HAL_UART_Transmit  stm32f4xx_hal_uart.o
    0x08005180   0x08005180   0x00000002   Code   RO         6295    i.HAL_UART_TxCpltCallback  stm32f4xx_hal_uart.o
    0x08005182   0x08005182   0x00000004   Code   RO          367    i.HardFault_Handler  stm32f4xx_it.o
    0x08005186   0x08005186   0x00000002   PAD
    0x08005188   0x08005188   0x0000005c   Code   RO         1190    i.IIC2_Init         iic2.o
    0x080051e4   0x080051e4   0x000000d8   Code   RO         1301    i.Init_Beep         beep.o
    0x080052bc   0x080052bc   0x00000348   Code   RO            4    i.Init_Task         main.o
    0x08005604   0x08005604   0x00000048   Code   RO         1267    i.Key_Init          key.o
    0x0800564c   0x0800564c   0x00000038   Code   RO         1159    i.LED_Flash         led.o
    0x08005684   0x08005684   0x000000e8   Code   RO         1160    i.LED_Init          led.o
    0x0800576c   0x0800576c   0x00000030   Code   RO         1379    i.Laser_Init        laser.o
    0x0800579c   0x0800579c   0x0000003c   Code   RO         1454    i.MX_CAN1_Init      can.o
    0x080057d8   0x080057d8   0x00000044   Code   RO         1455    i.MX_CAN2_Init      can.o
    0x0800581c   0x0800581c   0x000000a8   Code   RO         1666    i.MX_SPI1_Init      spi.o
    0x080058c4   0x080058c4   0x00000078   Code   RO         1602    i.MX_TIM2_Init      tim.o
    0x0800593c   0x0800593c   0x0000007c   Code   RO         1603    i.MX_TIM4_Init      tim.o
    0x080059b8   0x080059b8   0x0000007c   Code   RO         1604    i.MX_TIM5_Init      tim.o
    0x08005a34   0x08005a34   0x000000a4   Code   RO         1605    i.MX_TIM8_Init      tim.o
    0x08005ad8   0x08005ad8   0x00000078   Code   RO         7335    i.MY_NVIC_Init      system_config.o
    0x08005b50   0x08005b50   0x00000028   Code   RO         7336    i.MY_NVIC_PriorityGroupConfig  system_config.o
    0x08005b78   0x08005b78   0x000000e4   Code   RO         1081    i.Mecanum_To_Chassis  odometer.o
    0x08005c5c   0x08005c5c   0x00000004   Code   RO          368    i.MemManage_Handler  stm32f4xx_it.o
    0x08005c60   0x08005c60   0x00000028   Code   RO         1002    i.Motor_Init        motor.o
    0x08005c88   0x08005c88   0x00000002   Code   RO          369    i.NMI_Handler       stm32f4xx_it.o
    0x08005c8a   0x08005c8a   0x00000002   PAD
    0x08005c8c   0x08005c8c   0x00000010   Code   RO         3431    i.NVIC_GetPriorityGrouping  stm32f4xx_hal_cortex.o
    0x08005c9c   0x08005c9c   0x00000028   Code   RO         3432    i.NVIC_SetPriority  stm32f4xx_hal_cortex.o
    0x08005cc4   0x08005cc4   0x0000013c   Code   RO         1082    i.Odometer_Summary  odometer.o
    0x08005e00   0x08005e00   0x00000108   Code   RO          715    i.PID_Calculate     pid.o
    0x08005f08   0x08005f08   0x0000017a   Code   RO          716    i.PID_Get_Result    pid.o
    0x08006082   0x08006082   0x00000002   PAD
    0x08006084   0x08006084   0x00000158   Code   RO          654    i.PID_Init          tasks.o
    0x080061dc   0x080061dc   0x0000000c   Code   RO          717    i.PID_Renew         pid.o
    0x080061e8   0x080061e8   0x000000a4   Code   RO          913    i.PWM_Init          pwm.o
    0x0800628c   0x0800628c   0x00000068   Code   RO         1355    i.Power_Init        power.o
    0x080062f4   0x080062f4   0x00000078   Code   RO         1119    i.Random_Init       random.o
    0x0800636c   0x0800636c   0x00000128   Code   RO         1814    i.Received_CallBack  decrypt.o
    0x08006494   0x08006494   0x0000014c   Code   RO          655    i.Remote_Control    tasks.o
    0x080065e0   0x080065e0   0x00000048   Code   RO          943    i.Remote_Init       remote.o
    0x08006628   0x08006628   0x00000120   Code   RO          656    i.Renew_PID         tasks.o
    0x08006748   0x08006748   0x000000e0   Code   RO         1667    i.SPI4_Init         spi.o
    0x08006828   0x08006828   0x00000020   Code   RO         1668    i.SPI4_ReadWriteByte  spi.o
    0x08006848   0x08006848   0x00000048   Code   RO         1669    i.SPI4_SetSpeed     spi.o
    0x08006890   0x08006890   0x00000114   Code   RO         5183    i.SPI_WaitOnFlagUntilTimeout  stm32f4xx_hal_spi.o
    0x080069a4   0x080069a4   0x000000f4   Code   RO         1844    i.Send_Chassis_Data  encrypt.o
    0x08006a98   0x08006a98   0x00000074   Code   RO         1845    i.Send_Data         encrypt.o
    0x08006b0c   0x08006b0c   0x00000200   Code   RO          718    i.Set_PID           pid.o
    0x08006d0c   0x08006d0c   0x000000b4   Code   RO          636    i.Speed_To_Wheel    mecanum_wheel.o
    0x08006dc0   0x08006dc0   0x000000b8   Code   RO         7338    i.Stm32_Clock_Init  system_config.o
    0x08006e78   0x08006e78   0x00000034   Code   RO         2030    i.SysTick_Handler   port.o
    0x08006eac   0x08006eac   0x00000064   Code   RO          460    i.SystemInit        system_stm32f4xx.o
    0x08006f10   0x08006f10   0x00000024   Code   RO          370    i.TIM3_IRQHandler   stm32f4xx_it.o
    0x08006f34   0x08006f34   0x00000034   Code   RO         7339    i.TIM7_IRQHandler   system_config.o
    0x08006f68   0x08006f68   0x000000e4   Code   RO         5474    i.TIM_Base_SetConfig  stm32f4xx_hal_tim.o
    0x0800704c   0x0800704c   0x0000001c   Code   RO         5475    i.TIM_CCxChannelCmd  stm32f4xx_hal_tim.o
    0x08007068   0x08007068   0x00000070   Code   RO         5483    i.TIM_OC1_SetConfig  stm32f4xx_hal_tim.o
    0x080070d8   0x080070d8   0x00000078   Code   RO         5484    i.TIM_OC2_SetConfig  stm32f4xx_hal_tim.o
    0x08007150   0x08007150   0x00000078   Code   RO         5485    i.TIM_OC3_SetConfig  stm32f4xx_hal_tim.o
    0x080071c8   0x080071c8   0x00000060   Code   RO         5486    i.TIM_OC4_SetConfig  stm32f4xx_hal_tim.o
    0x08007228   0x08007228   0x00000024   Code   RO         1302    i.TIM_SetTIM12Compare1  beep.o
    0x0800724c   0x0800724c   0x00000030   Code   RO         6302    i.UART_EndTransmit_IT  stm32f4xx_hal_uart.o
    0x0800727c   0x0800727c   0x000000bc   Code   RO         6303    i.UART_Receive_IT   stm32f4xx_hal_uart.o
    0x08007338   0x08007338   0x00000224   Code   RO         6304    i.UART_SetConfig    stm32f4xx_hal_uart.o
    0x0800755c   0x0800755c   0x00000070   Code   RO         6305    i.UART_Transmit_IT  stm32f4xx_hal_uart.o
    0x080075cc   0x080075cc   0x000000fa   Code   RO         6306    i.UART_WaitOnFlagUntilTimeout  stm32f4xx_hal_uart.o
    0x080076c6   0x080076c6   0x00000002   PAD
    0x080076c8   0x080076c8   0x00000014   Code   RO          371    i.USART1_IRQHandler  stm32f4xx_it.o
    0x080076dc   0x080076dc   0x000000fc   Code   RO         1727    i.USART1_Init       usart.o
    0x080077d8   0x080077d8   0x00000050   Code   RO         1728    i.USART2_IRQHandler  usart.o
    0x08007828   0x08007828   0x000000b8   Code   RO         1729    i.USART2_init       usart.o
    0x080078e0   0x080078e0   0x00000050   Code   RO         1730    i.USART3_IRQHandler  usart.o
    0x08007930   0x08007930   0x000000bc   Code   RO         1731    i.USART3_Init       usart.o
    0x080079ec   0x080079ec   0x00000004   Code   RO          372    i.UsageFault_Handler  stm32f4xx_it.o
    0x080079f0   0x080079f0   0x00000168   Code   RO          545    i.User_Code         user.o
    0x08007b58   0x08007b58   0x00000030   Code   RO         7704    i.__ARM_fpclassify  m_wm.l(fpclassify.o)
    0x08007b88   0x08007b88   0x00000014   Code   RO         7516    i.__hardfp_fabs     m_wm.l(fabs.o)
    0x08007b9c   0x08007b9c   0x0000000e   Code   RO         7457    i._is_digit         c_w.l(__printf_wp.o)
    0x08007baa   0x08007baa   0x00000004   Code   RO         1732    i._sys_exit         usart.o
    0x08007bae   0x08007bae   0x00000008   Code   RO          944    i.dma_current_data_counter  remote.o
    0x08007bb6   0x08007bb6   0x00000084   Code   RO         1005    i.get_moto_measure  motor.o
    0x08007c3a   0x08007c3a   0x00000014   Code   RO         1006    i.get_moto_offset   motor.o
    0x08007c4e   0x08007c4e   0x00000002   PAD
    0x08007c50   0x08007c50   0x00000048   Code   RO            5    i.main              main.o
    0x08007c98   0x08007c98   0x00000070   Code   RO         1008    i.my_can_filter_init_recv_all  motor.o
    0x08007d08   0x08007d08   0x00000078   Code   RO          769    i.oled_LOGO         oled.o
    0x08007d80   0x08007d80   0x00000058   Code   RO          770    i.oled_clear        oled.o
    0x08007dd8   0x08007dd8   0x0000008c   Code   RO          774    i.oled_drawpoint    oled.o
    0x08007e64   0x08007e64   0x00000188   Code   RO          775    i.oled_init         oled.o
    0x08007fec   0x08007fec   0x0000005c   Code   RO          777    i.oled_printf       oled.o
    0x08008048   0x08008048   0x00000038   Code   RO          778    i.oled_refresh_gram  oled.o
    0x08008080   0x08008080   0x0000002e   Code   RO          779    i.oled_set_pos      oled.o
    0x080080ae   0x080080ae   0x00000002   PAD
    0x080080b0   0x080080b0   0x00000098   Code   RO          780    i.oled_showchar     oled.o
    0x08008148   0x08008148   0x00000034   Code   RO          782    i.oled_showstring   oled.o
    0x0800817c   0x0800817c   0x00000034   Code   RO          783    i.oled_write_byte   oled.o
    0x080081b0   0x080081b0   0x00000098   Code   RO         2343    i.prvAddCurrentTaskToDelayedList  tasks_1.o
    0x08008248   0x08008248   0x000000b8   Code   RO         2344    i.prvAddNewTaskToReadyList  tasks_1.o
    0x08008300   0x08008300   0x00000064   Code   RO         2719    i.prvCheckForValidListAndQueue  timers.o
    0x08008364   0x08008364   0x00000048   Code   RO         2345    i.prvCheckTasksWaitingTermination  tasks_1.o
    0x080083ac   0x080083ac   0x0000002a   Code   RO         2113    i.prvCopyDataFromQueue  queue.o
    0x080083d6   0x080083d6   0x0000007e   Code   RO         2114    i.prvCopyDataToQueue  queue.o
    0x08008454   0x08008454   0x00000012   Code   RO         2346    i.prvDeleteTCB      tasks_1.o
    0x08008466   0x08008466   0x00000002   PAD
    0x08008468   0x08008468   0x00000028   Code   RO         2720    i.prvGetNextExpireTime  timers.o
    0x08008490   0x08008490   0x0000007c   Code   RO         1902    i.prvHeapInit       heap_4.o
    0x0800850c   0x0800850c   0x00000028   Code   RO         2347    i.prvIdleTask       tasks_1.o
    0x08008534   0x08008534   0x0000002a   Code   RO         2117    i.prvInitialiseNewQueue  queue.o
    0x0800855e   0x0800855e   0x000000ce   Code   RO         2348    i.prvInitialiseNewTask  tasks_1.o
    0x0800862c   0x0800862c   0x00000068   Code   RO         2349    i.prvInitialiseTaskLists  tasks_1.o
    0x08008694   0x08008694   0x00000068   Code   RO         1903    i.prvInsertBlockIntoFreeList  heap_4.o
    0x080086fc   0x080086fc   0x00000058   Code   RO         2722    i.prvInsertTimerInActiveList  timers.o
    0x08008754   0x08008754   0x0000001a   Code   RO         2118    i.prvIsQueueEmpty   queue.o
    0x0800876e   0x0800876e   0x0000001e   Code   RO         2119    i.prvIsQueueFull    queue.o
    0x0800878c   0x0800878c   0x00000064   Code   RO         2723    i.prvProcessExpiredTimer  timers.o
    0x080087f0   0x080087f0   0x000000f4   Code   RO         2724    i.prvProcessReceivedCommands  timers.o
    0x080088e4   0x080088e4   0x00000074   Code   RO         2725    i.prvProcessTimerOrBlockTask  timers.o
    0x08008958   0x08008958   0x00000034   Code   RO         2351    i.prvResetNextTaskUnblockTime  tasks_1.o
    0x0800898c   0x0800898c   0x0000002c   Code   RO         2726    i.prvSampleTimeNow  timers.o
    0x080089b8   0x080089b8   0x000000a0   Code   RO         2727    i.prvSwitchTimerLists  timers.o
    0x08008a58   0x08008a58   0x00000040   Code   RO         2031    i.prvTaskExitError  port.o
    0x08008a98   0x08008a98   0x0000001a   Code   RO         2728    i.prvTimerTask      timers.o
    0x08008ab2   0x08008ab2   0x0000007e   Code   RO         2120    i.prvUnlockQueue    queue.o
    0x08008b30   0x08008b30   0x0000013c   Code   RO         1904    i.pvPortMalloc      heap_4.o
    0x08008c6c   0x08008c6c   0x0000002c   Code   RO         2032    i.pxPortInitialiseStack  port.o
    0x08008c98   0x08008c98   0x000000d8   Code   RO          945    i.rc_callback_handler  remote.o
    0x08008d70   0x08008d70   0x00000060   Code   RO         1009    i.set_moto_current  motor.o
    0x08008dd0   0x08008dd0   0x00000048   Code   RO          946    i.uart_receive_dma_no_it  remote.o
    0x08008e18   0x08008e18   0x00000022   Code   RO          947    i.uart_receive_handler  remote.o
    0x08008e3a   0x08008e3a   0x00000002   PAD
    0x08008e3c   0x08008e3c   0x00000070   Code   RO          948    i.uart_rx_idle_callback  remote.o
    0x08008eac   0x08008eac   0x00000028   Code   RO         1984    i.uxListRemove      list.o
    0x08008ed4   0x08008ed4   0x0000001a   Code   RO         1985    i.vListInitialise   list.o
    0x08008eee   0x08008eee   0x00000006   Code   RO         1986    i.vListInitialiseItem  list.o
    0x08008ef4   0x08008ef4   0x00000034   Code   RO         1987    i.vListInsert       list.o
    0x08008f28   0x08008f28   0x00000018   Code   RO         1988    i.vListInsertEnd    list.o
    0x08008f40   0x08008f40   0x00000054   Code   RO         2034    i.vPortEnterCritical  port.o
    0x08008f94   0x08008f94   0x0000003c   Code   RO         2035    i.vPortExitCritical  port.o
    0x08008fd0   0x08008fd0   0x00000094   Code   RO         1905    i.vPortFree         heap_4.o
    0x08009064   0x08009064   0x00000018   Code   RO         2036    i.vPortSetupTimerInterrupt  port.o
    0x0800907c   0x0800907c   0x00000078   Code   RO         2037    i.vPortValidateInterruptPriority  port.o
    0x080090f4   0x080090f4   0x0000002c   Code   RO         2126    i.vQueueAddToRegistry  queue.o
    0x08009120   0x08009120   0x0000004a   Code   RO         2130    i.vQueueWaitForMessageRestricted  queue.o
    0x0800916a   0x0800916a   0x00000002   PAD
    0x0800916c   0x0800916c   0x0000005c   Code   RO         2363    i.vTaskDelay        tasks_1.o
    0x080091c8   0x080091c8   0x000000f4   Code   RO         2365    i.vTaskDelete       tasks_1.o
    0x080092bc   0x080092bc   0x00000018   Code   RO         2369    i.vTaskInternalSetTimeOutState  tasks_1.o
    0x080092d4   0x080092d4   0x0000000c   Code   RO         2371    i.vTaskMissedYield  tasks_1.o
    0x080092e0   0x080092e0   0x00000038   Code   RO         2373    i.vTaskPlaceOnEventList  tasks_1.o
    0x08009318   0x08009318   0x00000040   Code   RO         2374    i.vTaskPlaceOnEventListRestricted  tasks_1.o
    0x08009358   0x08009358   0x00000098   Code   RO         2382    i.vTaskStartScheduler  tasks_1.o
    0x080093f0   0x080093f0   0x00000010   Code   RO         2384    i.vTaskSuspendAll   tasks_1.o
    0x08009400   0x08009400   0x000000cc   Code   RO         2385    i.vTaskSwitchContext  tasks_1.o
    0x080094cc   0x080094cc   0x00000168   Code   RO         2038    i.xPortStartScheduler  port.o
    0x08009634   0x08009634   0x0000005a   Code   RO         2133    i.xQueueGenericCreate  queue.o
    0x0800968e   0x0800968e   0x00000002   PAD
    0x08009690   0x08009690   0x00000098   Code   RO         2134    i.xQueueGenericReset  queue.o
    0x08009728   0x08009728   0x000001a8   Code   RO         2135    i.xQueueGenericSend  queue.o
    0x080098d0   0x080098d0   0x000000f8   Code   RO         2136    i.xQueueGenericSendFromISR  queue.o
    0x080099c8   0x080099c8   0x00000168   Code   RO         2143    i.xQueueReceive     queue.o
    0x08009b30   0x08009b30   0x0000008c   Code   RO         2386    i.xTaskCheckForTimeOut  tasks_1.o
    0x08009bbc   0x08009bbc   0x00000060   Code   RO         2387    i.xTaskCreate       tasks_1.o
    0x08009c1c   0x08009c1c   0x00000020   Code   RO         2391    i.xTaskGetSchedulerState  tasks_1.o
    0x08009c3c   0x08009c3c   0x0000000c   Code   RO         2392    i.xTaskGetTickCount  tasks_1.o
    0x08009c48   0x08009c48   0x00000148   Code   RO         2394    i.xTaskIncrementTick  tasks_1.o
    0x08009d90   0x08009d90   0x000000c8   Code   RO         2397    i.xTaskPriorityDisinherit  tasks_1.o
    0x08009e58   0x08009e58   0x00000098   Code   RO         2399    i.xTaskRemoveFromEventList  tasks_1.o
    0x08009ef0   0x08009ef0   0x00000104   Code   RO         2400    i.xTaskResumeAll    tasks_1.o
    0x08009ff4   0x08009ff4   0x0000005c   Code   RO         2734    i.xTimerCreateTimerTask  timers.o
    0x0800a050   0x0800a050   0x00000084   Code   RO         2735    i.xTimerGenericCommand  timers.o
    0x0800a0d4   0x0800a0d4   0x0000002c   Code   RO         7688    locale$$code        c_w.l(lc_numeric_c.o)
    0x0800a100   0x0800a100   0x0000002c   Code   RO         7714    locale$$code        c_w.l(lc_ctype_c.o)
    0x0800a12c   0x0800a12c   0x00000062   Code   RO         7484    x$fpl$d2f           fz_wm.l(d2f.o)
    0x0800a18e   0x0800a18e   0x00000018   Code   RO         7649    x$fpl$dcmpinf       fz_wm.l(dcmpi.o)
    0x0800a1a6   0x0800a1a6   0x00000002   PAD
    0x0800a1a8   0x0800a1a8   0x000002b0   Code   RO         7493    x$fpl$ddiv          fz_wm.l(ddiv.o)
    0x0800a458   0x0800a458   0x00000078   Code   RO         7600    x$fpl$dleqf         fz_wm.l(dleqf.o)
    0x0800a4d0   0x0800a4d0   0x0000009c   Code   RO         7602    x$fpl$dnaninf       fz_wm.l(dnaninf.o)
    0x0800a56c   0x0800a56c   0x0000000c   Code   RO         7604    x$fpl$dretinf       fz_wm.l(dretinf.o)
    0x0800a578   0x0800a578   0x0000006c   Code   RO         7512    x$fpl$drleqf        fz_wm.l(drleqf.o)
    0x0800a5e4   0x0800a5e4   0x00000056   Code   RO         7514    x$fpl$f2d           fz_wm.l(f2d.o)
    0x0800a63a   0x0800a63a   0x0000008c   Code   RO         7606    x$fpl$fnaninf       fz_wm.l(fnaninf.o)
    0x0800a6c6   0x0800a6c6   0x0000000a   Code   RO         7780    x$fpl$fpinit        fz_wm.l(fpinit.o)
    0x0800a6d0   0x0800a6d0   0x0000000a   Code   RO         7608    x$fpl$fretinf       fz_wm.l(fretinf.o)
    0x0800a6da   0x0800a6da   0x00000004   Code   RO         7610    x$fpl$printf1       fz_wm.l(printf1.o)
    0x0800a6de   0x0800a6de   0x00000004   Code   RO         7612    x$fpl$printf2       fz_wm.l(printf2.o)
    0x0800a6e2   0x0800a6e2   0x00000000   Code   RO         7618    x$fpl$usenofp       fz_wm.l(usenofp.o)
    0x0800a6e2   0x0800a6e2   0x00000bb4   Data   RO          785    .constdata          oled.o
    0x0800b296   0x0800b296   0x00000008   Data   RO         3779    .constdata          stm32f4xx_hal_dma.o
    0x0800b29e   0x0800b29e   0x00000010   Data   RO         4115    .constdata          stm32f4xx_hal_rcc.o
    0x0800b2ae   0x0800b2ae   0x00000011   Data   RO         7465    .constdata          c_w.l(__printf_flags_ss_wp.o)
    0x0800b2bf   0x0800b2bf   0x00000001   PAD
    0x0800b2c0   0x0800b2c0   0x00000008   Data   RO         7544    .constdata          c_w.l(_printf_wctomb.o)
    0x0800b2c8   0x0800b2c8   0x00000028   Data   RO         7573    .constdata          c_w.l(_printf_hex_int_ll_ptr.o)
    0x0800b2f0   0x0800b2f0   0x00000026   Data   RO         7641    .constdata          c_w.l(_printf_fp_hex.o)
    0x0800b316   0x0800b316   0x00000002   PAD
    0x0800b318   0x0800b318   0x00000094   Data   RO         7663    .constdata          c_w.l(bigflt0.o)
    0x0800b3ac   0x0800b3ac   0x00000020   Data   RO         7834    Region$$Table       anon$$obj.o
    0x0800b3cc   0x0800b3cc   0x0000001c   Data   RO         7687    locale$$data        c_w.l(lc_numeric_c.o)
    0x0800b3e8   0x0800b3e8   0x00000110   Data   RO         7713    locale$$data        c_w.l(lc_ctype_c.o)


    Execution Region RW_IRAM1 (Exec base: 0x20000000, Load base: 0x0800b4f8, Size: 0x0001c080, Max: 0x00030000, ABSOLUTE)

    Exec Addr    Load Addr    Size         Type   Attr      Idx    E Section Name        Object

    0x20000000   0x0800b4f8   0x00000004   Data   RW            6    .data               main.o
    0x20000004   0x0800b4fc   0x00000004   Data   RW          462    .data               system_stm32f4xx.o
    0x20000008   0x0800b500   0x0000001c   Data   RW          546    .data               user.o
    0x20000024   0x0800b51c   0x0000000c   Data   RW         1011    .data               motor.o
    0x20000030   0x0800b528   0x0000002c   Data   RW         1083    .data               odometer.o
    0x2000005c   0x0800b554   0x00000004   Data   RW         1304    .data               beep.o
    0x20000060   0x0800b558   0x00000019   Data   RW         1735    .data               usart.o
    0x20000079   0x0800b571   0x00000001   PAD
    0x2000007a   0x0800b572   0x00000008   Data   RW         1815    .data               decrypt.o
    0x20000082   0x0800b57a   0x00000002   PAD
    0x20000084   0x0800b57c   0x00000018   Data   RW         1910    .data               heap_4.o
    0x2000009c   0x0800b594   0x0000000c   Data   RW         2039    .data               port.o
    0x200000a8   0x0800b5a0   0x0000004c   Data   RW         2403    .data               tasks_1.o
    0x200000f4   0x0800b5ec   0x00000014   Data   RW         2741    .data               timers.o
    0x20000108   0x0800b600   0x00000004   Data   RW         2880    .data               stm32f4xx_hal.o
    0x2000010c        -       0x0000009c   Zero   RW          607    .bss                manifold.o
    0x200001a8        -       0x000002d0   Zero   RW          719    .bss                pid.o
    0x20000478        -       0x00000400   Zero   RW          784    .bss                oled.o
    0x20000878        -       0x0000001c   Zero   RW          949    .bss                remote.o
    0x20000894        -       0x000001e8   Zero   RW         1010    .bss                motor.o
    0x20000a7c        -       0x0000000c   Zero   RW         1120    .bss                random.o
    0x20000a88        -       0x00000058   Zero   RW         1303    .bss                beep.o
    0x20000ae0        -       0x00000044   Zero   RW         1407    .bss                adc.o
    0x20000b24        -       0x00000080   Zero   RW         1456    .bss                can.o
    0x20000ba4        -       0x00000028   Zero   RW         1504    .bss                dac.o
    0x20000bcc        -       0x000000f0   Zero   RW         1606    .bss                tim.o
    0x20000cbc        -       0x00000108   Zero   RW         1671    .bss                spi.o
    0x20000dc4        -       0x00000127   Zero   RW         1734    .bss                usart.o
    0x20000eeb        -       0x00018000   Zero   RW         1909    .bss                heap_4.o
    0x20018eeb   0x0800b604   0x00000001   PAD
    0x20018eec        -       0x00000040   Zero   RW         2147    .bss                queue.o
    0x20018f2c        -       0x000000c8   Zero   RW         2402    .bss                tasks_1.o
    0x20018ff4        -       0x00000028   Zero   RW         2740    .bss                timers.o
    0x2001901c        -       0x00000060   Zero   RW         7707    .bss                c_w.l(libspace.o)
    0x2001907c   0x0800b604   0x00000004   PAD
    0x20019080        -       0x00001000   Zero   RW         1896    HEAP                startup_stm32f427xx.o
    0x2001a080        -       0x00002000   Zero   RW         1895    STACK               startup_stm32f427xx.o


==============================================================================

Image component sizes


      Code (inc. data)   RO Data    RW Data    ZI Data      Debug   Object Name

       260         28          0          0         68       1279   adc.o
        10          0          0          0          0        483   algorithm.o
       366         48          0          4         88       3141   beep.o
       436         40          0          0        128       2238   can.o
       304         36          0          0         40       1776   dac.o
       296          8          0          8          0       1286   decrypt.o
       360         18          0          0          0       1652   encrypt.o
       692         62          0         24      98304      15339   heap_4.o
        92         18          0          0          0        808   iic2.o
        72         10          0          0          0        815   key.o
        48         10          0          0          0        521   laser.o
       288         40          0          0          0       1427   led.o
       148          0          0          0          0       8038   list.o
       912        436          0          4          0     768811   main.o
        20          4          0          0        156        776   manifold.o
       180         10          0          0          0        621   mecanum_wheel.o
       736         58          0         12        488       5797   motor.o
       544         82          0         44          0       1900   odometer.o
      1190         42       2996          0       1024      11537   oled.o
      1282        140          0          0        720       4430   pid.o
       998         92          0         12          0      10577   port.o
       104         18          0          0          0        805   power.o
       164         16          0          0          0        503   pwm.o
      1784         20          0          0         64      22842   queue.o
       120         12          0          0         12       1152   random.o
       514         22          0          0         28       4280   remote.o
       496         48          0          0        264       2862   spi.o
        64         26        428          0      12288        808   startup_stm32f427xx.o
       120         14          0          4          0       3494   stm32f4xx_hal.o
       458         20          0          0          0       2193   stm32f4xx_hal_adc.o
      2534         34          0          0          0       7360   stm32f4xx_hal_can.o
       298         22          0          0          0      30627   stm32f4xx_hal_cortex.o
       272          0          0          0          0       3229   stm32f4xx_hal_dac.o
       846         16          8          0          0       4280   stm32f4xx_hal_dma.o
       552         54          0          0          0       2356   stm32f4xx_hal_gpio.o
         2          0          0          0          0        434   stm32f4xx_hal_msp.o
       164         12          0          0          0       1228   stm32f4xx_hal_pwr_ex.o
      2044         66         16          0          0       5815   stm32f4xx_hal_rcc.o
        76          0          0          0          0       1573   stm32f4xx_hal_rng.o
      1714          0          0          0          0       5170   stm32f4xx_hal_spi.o
      1232         98          0          0          0       7579   stm32f4xx_hal_tim.o
       178          0          0          0          0       1836   stm32f4xx_hal_tim_ex.o
      1948         10          0          0          0       9858   stm32f4xx_hal_uart.o
       156         40          0          0          0       5935   stm32f4xx_it.o
      1048         52          0          0          0       6199   system_config.o
       100         18          0          4          0       1009   system_stm32f4xx.o
       964        158          0          0          0       1584   tasks.o
      2912        400          0         76        200      23753   tasks_1.o
      1088         82          0          0        240       4530   tim.o
      1142        122          0         20         40      13435   timers.o
       936        122          0         25        295       6872   usart.o
       360        176          0         28          0       1057   user.o

    ----------------------------------------------------------------------
     33666       2860       3480        268     114448    1027910   Object Totals
         0          0         32          0          0          0   (incl. Generated)
        42          0          0          3          1          0   (incl. Padding)

    ----------------------------------------------------------------------

      Code (inc. data)   RO Data    RW Data    ZI Data      Debug   Library Member Name

         8          0          0          0          0         68   __main.o
       392          4         17          0          0         92   __printf_flags_ss_wp.o
        14          0          0          0          0         68   __printf_wp.o
         0          0          0          0          0          0   __rtentry.o
        12          0          0          0          0          0   __rtentry2.o
         6          0          0          0          0          0   __rtentry4.o
        52          8          0          0          0          0   __scatter.o
        26          0          0          0          0          0   __scatter_copy.o
        28          0          0          0          0          0   __scatter_zi.o
         6          0          0          0          0          0   _printf_a.o
         6          0          0          0          0          0   _printf_c.o
        44          0          0          0          0        108   _printf_char.o
        48          6          0          0          0         96   _printf_char_common.o
        40          0          0          0          0         68   _printf_charcount.o
         6          0          0          0          0          0   _printf_d.o
       120         16          0          0          0         92   _printf_dec.o
         6          0          0          0          0          0   _printf_e.o
         6          0          0          0          0          0   _printf_f.o
      1054          0          0          0          0        216   _printf_fp_dec.o
       764          8         38          0          0        100   _printf_fp_hex.o
       128         16          0          0          0         84   _printf_fp_infnan.o
         6          0          0          0          0          0   _printf_g.o
       148          4         40          0          0        160   _printf_hex_int_ll_ptr.o
         6          0          0          0          0          0   _printf_i.o
       178          0          0          0          0         88   _printf_intcommon.o
        10          0          0          0          0          0   _printf_l.o
         6          0          0          0          0          0   _printf_lc.o
        10          0          0          0          0          0   _printf_ll.o
         6          0          0          0          0          0   _printf_lld.o
         6          0          0          0          0          0   _printf_lli.o
         6          0          0          0          0          0   _printf_llo.o
         6          0          0          0          0          0   _printf_llu.o
         6          0          0          0          0          0   _printf_llx.o
       124         16          0          0          0         92   _printf_longlong_dec.o
         6          0          0          0          0          0   _printf_ls.o
         6          0          0          0          0          0   _printf_n.o
         6          0          0          0          0          0   _printf_o.o
       112         10          0          0          0        124   _printf_oct_int_ll.o
         6          0          0          0          0          0   _printf_p.o
        78          0          0          0          0        108   _printf_pad.o
         0          0          0          0          0          0   _printf_percent.o
         4          0          0          0          0          0   _printf_percent_end.o
         6          0          0          0          0          0   _printf_s.o
        82          0          0          0          0         80   _printf_str.o
        36          0          0          0          0         84   _printf_truncate.o
         6          0          0          0          0          0   _printf_u.o
        44          0          0          0          0        108   _printf_wchar.o
       188          6          8          0          0         92   _printf_wctomb.o
         6          0          0          0          0          0   _printf_x.o
        10          0          0          0          0         68   _sputc.o
        64          0          0          0          0         92   _wcrtomb.o
        16          0          0          0          0         68   aeabi_memset.o
       228          4        148          0          0         96   bigflt0.o
      1936        128          0          0          0        672   btod.o
        18          0          0          0          0         80   exit.o
         6          0          0          0          0        152   heapauxi.o
        44         10        272          0          0         76   lc_ctype_c.o
        44         10         28          0          0         76   lc_numeric_c.o
         2          0          0          0          0          0   libinit.o
        34          0          0          0          0          0   libinit2.o
         2          0          0          0          0          0   libshutdown.o
         2          0          0          0          0          0   libshutdown2.o
         8          4          0          0         96         68   libspace.o
       138          0          0          0          0         80   lludiv10.o
        16          4          0          0          0         76   rt_ctype_table.o
         8          4          0          0          0         68   rt_locale_intlibspace.o
        68          0          0          0          0         68   rt_memclr.o
        78          0          0          0          0         80   rt_memclr_w.o
       138          0          0          0          0         68   rt_memcpy_v6.o
       100          0          0          0          0         80   rt_memcpy_w.o
         2          0          0          0          0          0   rtexit.o
        10          0          0          0          0          0   rtexit2.o
       128          0          0          0          0         68   strcmpv7m.o
        74          0          0          0          0         80   sys_stackheap_outer.o
         2          0          0          0          0         68   use_no_semi.o
         2          0          0          0          0         68   use_no_semi_2.o
        36          4          0          0          0         76   vsprintf.o
        98          4          0          0          0        140   d2f.o
        24          0          0          0          0        116   dcmpi.o
       688        140          0          0          0        256   ddiv.o
       120          4          0          0          0        140   dleqf.o
       156          4          0          0          0        140   dnaninf.o
        12          0          0          0          0        116   dretinf.o
       108          0          0          0          0        128   drleqf.o
        86          4          0          0          0        132   f2d.o
       140          4          0          0          0        132   fnaninf.o
        10          0          0          0          0        116   fpinit.o
        10          0          0          0          0        116   fretinf.o
         4          0          0          0          0        116   printf1.o
         4          0          0          0          0        116   printf2.o
         0          0          0          0          0          0   usenofp.o
        20          0          0          0          0        124   fabs.o
        48          0          0          0          0        124   fpclassify.o

    ----------------------------------------------------------------------
      8628        422        554          0        100       6268   Library Totals
        16          0          3          0          4          0   (incl. Padding)

    ----------------------------------------------------------------------

      Code (inc. data)   RO Data    RW Data    ZI Data      Debug   Library Name

      7084        262        551          0         96       4256   c_w.l
      1460        160          0          0          0       1764   fz_wm.l
        68          0          0          0          0        248   m_wm.l

    ----------------------------------------------------------------------
      8628        422        554          0        100       6268   Library Totals

    ----------------------------------------------------------------------

==============================================================================


      Code (inc. data)   RO Data    RW Data    ZI Data      Debug   

     42294       3282       4034        268     114548    1007538   Grand Totals
     42294       3282       4034        268     114548    1007538   ELF Image Totals
     42294       3282       4034        268          0          0   ROM Totals

==============================================================================

    Total RO  Size (Code + RO Data)                46328 (  45.24kB)
    Total RW  Size (RW Data + ZI Data)            114816 ( 112.13kB)
    Total ROM Size (Code + RO Data + RW Data)      46596 (  45.50kB)

==============================================================================

